../User_Defined/motordriver.c:35:6:transfer	24	static
../User_Defined/motordriver.c:72:6:motor_initialize	16	static
../User_Defined/motordriver.c:186:9:check_rotorlock	16	static
../User_Defined/motordriver.c:226:6:set_rpm_motorx	32	static
../User_Defined/motordriver.c:233:6:set_rpm_motory	32	static
../User_Defined/motordriver.c:240:6:set_rpm_motorz	32	static
../User_Defined/motordriver.c:256:6:set_desired_motorx	24	static
../User_Defined/motordriver.c:265:6:set_desired_motory	24	static
../User_Defined/motordriver.c:274:6:set_desired_motorz	24	static
../User_Defined/motordriver.c:292:6:HAL_TIM_IC_CaptureCallback	64	static
../User_Defined/motordriver.c:397:6:maintain_rpm_x	16	static
../User_Defined/motordriver.c:422:6:maintain_rpm_y	16	static
../User_Defined/motordriver.c:447:6:maintain_rpm_z	16	static
../User_Defined/motordriver.c:480:6:sleep_x	8	static
../User_Defined/motordriver.c:486:6:sleep_y	8	static
../User_Defined/motordriver.c:492:6:sleep_z	8	static
../User_Defined/motordriver.c:505:6:test_pwmip_x	24	static
../User_Defined/motordriver.c:511:6:test_pwmip_y	24	static
../User_Defined/motordriver.c:517:6:test_pwmip_z	24	static
