Archive member included to satisfy reference by file (symbol)

C:/ST/STM32CubeIDE_1.11.2/STM32CubeIDE/plugins/com.st.stm32cube.ide.mcu.externaltools.gnu-tools-for-stm32.11.3.rel1.win32_1.1.100.202309141235/tools/bin/../lib/gcc/arm-none-eabi/11.3.1/../../../../arm-none-eabi/lib/thumb/v7e-m+fp/hard\libc_nano.a(libc_a-exit.o)
                              C:/ST/STM32CubeIDE_1.11.2/STM32CubeIDE/plugins/com.st.stm32cube.ide.mcu.externaltools.gnu-tools-for-stm32.11.3.rel1.win32_1.1.100.202309141235/tools/bin/../lib/gcc/arm-none-eabi/11.3.1/../../../../arm-none-eabi/lib/thumb/v7e-m+fp/hard/crt0.o (exit)
C:/ST/STM32CubeIDE_1.11.2/STM32CubeIDE/plugins/com.st.stm32cube.ide.mcu.externaltools.gnu-tools-for-stm32.11.3.rel1.win32_1.1.100.202309141235/tools/bin/../lib/gcc/arm-none-eabi/11.3.1/../../../../arm-none-eabi/lib/thumb/v7e-m+fp/hard\libc_nano.a(libc_a-findfp.o)
                              C:/ST/STM32CubeIDE_1.11.2/STM32CubeIDE/plugins/com.st.stm32cube.ide.mcu.externaltools.gnu-tools-for-stm32.11.3.rel1.win32_1.1.100.202309141235/tools/bin/../lib/gcc/arm-none-eabi/11.3.1/../../../../arm-none-eabi/lib/thumb/v7e-m+fp/hard\libc_nano.a(libc_a-exit.o) (__stdio_exit_handler)
C:/ST/STM32CubeIDE_1.11.2/STM32CubeIDE/plugins/com.st.stm32cube.ide.mcu.externaltools.gnu-tools-for-stm32.11.3.rel1.win32_1.1.100.202309141235/tools/bin/../lib/gcc/arm-none-eabi/11.3.1/../../../../arm-none-eabi/lib/thumb/v7e-m+fp/hard\libc_nano.a(libc_a-fwalk.o)
                              C:/ST/STM32CubeIDE_1.11.2/STM32CubeIDE/plugins/com.st.stm32cube.ide.mcu.externaltools.gnu-tools-for-stm32.11.3.rel1.win32_1.1.100.202309141235/tools/bin/../lib/gcc/arm-none-eabi/11.3.1/../../../../arm-none-eabi/lib/thumb/v7e-m+fp/hard\libc_nano.a(libc_a-findfp.o) (_fwalk_sglue)
C:/ST/STM32CubeIDE_1.11.2/STM32CubeIDE/plugins/com.st.stm32cube.ide.mcu.externaltools.gnu-tools-for-stm32.11.3.rel1.win32_1.1.100.202309141235/tools/bin/../lib/gcc/arm-none-eabi/11.3.1/../../../../arm-none-eabi/lib/thumb/v7e-m+fp/hard\libc_nano.a(libc_a-stdio.o)
                              C:/ST/STM32CubeIDE_1.11.2/STM32CubeIDE/plugins/com.st.stm32cube.ide.mcu.externaltools.gnu-tools-for-stm32.11.3.rel1.win32_1.1.100.202309141235/tools/bin/../lib/gcc/arm-none-eabi/11.3.1/../../../../arm-none-eabi/lib/thumb/v7e-m+fp/hard\libc_nano.a(libc_a-findfp.o) (__sread)
C:/ST/STM32CubeIDE_1.11.2/STM32CubeIDE/plugins/com.st.stm32cube.ide.mcu.externaltools.gnu-tools-for-stm32.11.3.rel1.win32_1.1.100.202309141235/tools/bin/../lib/gcc/arm-none-eabi/11.3.1/../../../../arm-none-eabi/lib/thumb/v7e-m+fp/hard\libc_nano.a(libc_a-memset.o)
                              C:/ST/STM32CubeIDE_1.11.2/STM32CubeIDE/plugins/com.st.stm32cube.ide.mcu.externaltools.gnu-tools-for-stm32.11.3.rel1.win32_1.1.100.202309141235/tools/bin/../lib/gcc/arm-none-eabi/11.3.1/../../../../arm-none-eabi/lib/thumb/v7e-m+fp/hard/crt0.o (memset)
C:/ST/STM32CubeIDE_1.11.2/STM32CubeIDE/plugins/com.st.stm32cube.ide.mcu.externaltools.gnu-tools-for-stm32.11.3.rel1.win32_1.1.100.202309141235/tools/bin/../lib/gcc/arm-none-eabi/11.3.1/../../../../arm-none-eabi/lib/thumb/v7e-m+fp/hard\libc_nano.a(libc_a-closer.o)
                              C:/ST/STM32CubeIDE_1.11.2/STM32CubeIDE/plugins/com.st.stm32cube.ide.mcu.externaltools.gnu-tools-for-stm32.11.3.rel1.win32_1.1.100.202309141235/tools/bin/../lib/gcc/arm-none-eabi/11.3.1/../../../../arm-none-eabi/lib/thumb/v7e-m+fp/hard\libc_nano.a(libc_a-stdio.o) (_close_r)
C:/ST/STM32CubeIDE_1.11.2/STM32CubeIDE/plugins/com.st.stm32cube.ide.mcu.externaltools.gnu-tools-for-stm32.11.3.rel1.win32_1.1.100.202309141235/tools/bin/../lib/gcc/arm-none-eabi/11.3.1/../../../../arm-none-eabi/lib/thumb/v7e-m+fp/hard\libc_nano.a(libc_a-reent.o)
                              C:/ST/STM32CubeIDE_1.11.2/STM32CubeIDE/plugins/com.st.stm32cube.ide.mcu.externaltools.gnu-tools-for-stm32.11.3.rel1.win32_1.1.100.202309141235/tools/bin/../lib/gcc/arm-none-eabi/11.3.1/../../../../arm-none-eabi/lib/thumb/v7e-m+fp/hard\libc_nano.a(libc_a-closer.o) (errno)
C:/ST/STM32CubeIDE_1.11.2/STM32CubeIDE/plugins/com.st.stm32cube.ide.mcu.externaltools.gnu-tools-for-stm32.11.3.rel1.win32_1.1.100.202309141235/tools/bin/../lib/gcc/arm-none-eabi/11.3.1/../../../../arm-none-eabi/lib/thumb/v7e-m+fp/hard\libc_nano.a(libc_a-impure.o)
                              C:/ST/STM32CubeIDE_1.11.2/STM32CubeIDE/plugins/com.st.stm32cube.ide.mcu.externaltools.gnu-tools-for-stm32.11.3.rel1.win32_1.1.100.202309141235/tools/bin/../lib/gcc/arm-none-eabi/11.3.1/../../../../arm-none-eabi/lib/thumb/v7e-m+fp/hard\libc_nano.a(libc_a-reent.o) (_impure_ptr)
C:/ST/STM32CubeIDE_1.11.2/STM32CubeIDE/plugins/com.st.stm32cube.ide.mcu.externaltools.gnu-tools-for-stm32.11.3.rel1.win32_1.1.100.202309141235/tools/bin/../lib/gcc/arm-none-eabi/11.3.1/../../../../arm-none-eabi/lib/thumb/v7e-m+fp/hard\libc_nano.a(libc_a-lseekr.o)
[...]
Memory Configuration

Name             Origin             Length             Attributes
CCMRAM           0x0000000010000000 0x0000000000010000 xrw
RAM              0x0000000020000000 0x0000000000020000 xrw
FLASH            0x0000000008000000 0x0000000000100000 xr
*default*        0x0000000000000000 0xffffffffffffffff

Linker script and memory map

LOAD C:/ST/STM32CubeIDE_1.11.2/STM32CubeIDE/plugins/com.st.stm32cube.ide.mcu.externaltools.gnu-tools-for-stm32.11.3.rel1.win32_1.1.100.202309141235/tools/bin/../lib/gcc/arm-none-eabi/11.3.1/thumb/v7e-m+fp/hard/crti.o
LOAD C:/ST/STM32CubeIDE_1.11.2/STM32CubeIDE/plugins/com.st.stm32cube.ide.mcu.externaltools.gnu-tools-for-stm32.11.3.rel1.win32_1.1.100.202309141235/tools/bin/../lib/gcc/arm-none-eabi/11.3.1/thumb/v7e-m+fp/hard/crtbegin.o
LOAD C:/ST/STM32CubeIDE_1.11.2/STM32CubeIDE/plugins/com.st.stm32cube.ide.mcu.externaltools.gnu-tools-for-stm32.11.3.rel1.win32_1.1.100.202309141235/tools/bin/../lib/gcc/arm-none-eabi/11.3.1/../../../../arm-none-eabi/lib/thumb/v7e-m+fp/hard/crt0.o
LOAD ./Core/Src/main.o
LOAD ./Core/Src/stm32f4xx_hal_msp.o
LOAD ./Core/Src/stm32f4xx_it.o
LOAD ./Core/Src/syscalls.o
LOAD ./Core/Src/sysmem.o
LOAD ./Core/Src/system_stm32f4xx.o
LOAD ./Core/Startup/startup_stm32f407vgtx.o
LOAD ./Drivers/STM32F4xx_HAL_Driver/Src/stm32f4xx_hal.o
LOAD ./Drivers/STM32F4xx_HAL_Driver/Src/stm32f4xx_hal_cortex.o
LOAD ./Drivers/STM32F4xx_HAL_Driver/Src/stm32f4xx_hal_dma.o
LOAD ./Drivers/STM32F4xx_HAL_Driver/Src/stm32f4xx_hal_dma_ex.o
LOAD ./Drivers/STM32F4xx_HAL_Driver/Src/stm32f4xx_hal_exti.o
LOAD ./Drivers/STM32F4xx_HAL_Driver/Src/stm32f4xx_hal_flash.o
LOAD ./Drivers/STM32F4xx_HAL_Driver/Src/stm32f4xx_hal_flash_ex.o
LOAD ./Drivers/STM32F4xx_HAL_Driver/Src/stm32f4xx_hal_flash_ramfunc.o
LOAD ./Drivers/STM32F4xx_HAL_Driver/Src/stm32f4xx_hal_gpio.o
LOAD ./Drivers/STM32F4xx_HAL_Driver/Src/stm32f4xx_hal_pwr.o
LOAD ./Drivers/STM32F4xx_HAL_Driver/Src/stm32f4xx_hal_pwr_ex.o
LOAD ./Drivers/STM32F4xx_HAL_Driver/Src/stm32f4xx_hal_rcc.o
LOAD ./Drivers/STM32F4xx_HAL_Driver/Src/stm32f4xx_hal_rcc_ex.o
LOAD ./Drivers/STM32F4xx_HAL_Driver/Src/stm32f4xx_hal_spi.o
LOAD ./Drivers/STM32F4xx_HAL_Driver/Src/stm32f4xx_hal_tim.o
LOAD ./Drivers/STM32F4xx_HAL_Driver/Src/stm32f4xx_hal_tim_ex.o
LOAD ./FATFS/App/fatfs.o
LOAD ./FATFS/Target/user_diskio.o
LOAD ./Middlewares/Third_Party/FatFs/src/diskio.o
LOAD ./Middlewares/Third_Party/FatFs/src/ff.o
LOAD ./Middlewares/Third_Party/FatFs/src/ff_gen_drv.o
LOAD ./Middlewares/Third_Party/FatFs/src/option/ccsbcs.o
LOAD ./Middlewares/Third_Party/FatFs/src/option/syscall.o
LOAD ./User_Defined/sd.o
START GROUP
LOAD C:/ST/STM32CubeIDE_1.11.2/STM32CubeIDE/plugins/com.st.stm32cube.ide.mcu.externaltools.gnu-tools-for-stm32.11.3.rel1.win32_1.1.100.202309141235/tools/bin/../lib/gcc/arm-none-eabi/11.3.1/../../../../arm-none-eabi/lib/thumb/v7e-m+fp/hard\libc_nano.a
LOAD C:/ST/STM32CubeIDE_1.11.2/STM32CubeIDE/plugins/com.st.stm32cube.ide.mcu.externaltools.gnu-tools-for-stm32.11.3.rel1.win32_1.1.100.202309141235/tools/bin/../lib/gcc/arm-none-eabi/11.3.1/../../../../arm-none-eabi/lib/thumb/v7e-m+fp/hard\libm.a
END GROUP
START GROUP
LOAD C:/ST/STM32CubeIDE_1.11.2/STM32CubeIDE/plugins/com.st.stm32cube.ide.mcu.externaltools.gnu-tools-for-stm32.11.3.rel1.win32_1.1.100.202309141235/tools/bin/../lib/gcc/arm-none-eabi/11.3.1/thumb/v7e-m+fp/hard\libgcc.a
LOAD C:/ST/STM32CubeIDE_1.11.2/STM32CubeIDE/plugins/com.st.stm32cube.ide.mcu.externaltools.gnu-tools-for-stm32.11.3.rel1.win32_1.1.100.202309141235/tools/bin/../lib/gcc/arm-none-eabi/11.3.1/../../../../arm-none-eabi/lib/thumb/v7e-m+fp/hard\libc_nano.a
END GROUP
START GROUP
LOAD C:/ST/STM32CubeIDE_1.11.2/STM32CubeIDE/plugins/com.st.stm32cube.ide.mcu.externaltools.gnu-tools-for-stm32.11.3.rel1.win32_1.1.100.202309141235/tools/bin/../lib/gcc/arm-none-eabi/11.3.1/thumb/v7e-m+fp/hard\libgcc.a
LOAD C:/ST/STM32CubeIDE_1.11.2/STM32CubeIDE/plugins/com.st.stm32cube.ide.mcu.externaltools.gnu-tools-for-stm32.11.3.rel1.win32_1.1.100.202309141235/tools/bin/../lib/gcc/arm-none-eabi/11.3.1/../../../../arm-none-eabi/lib/thumb/v7e-m+fp/hard\libc_nano.a
LOAD C:/ST/STM32CubeIDE_1.11.2/STM32CubeIDE/plugins/com.st.stm32cube.ide.mcu.externaltools.gnu-tools-for-stm32.11.3.rel1.win32_1.1.100.202309141235/tools/bin/../lib/gcc/arm-none-eabi/11.3.1/../../../../arm-none-eabi/lib/thumb/v7e-m+fp/hard\libnosys.a
END GROUP
START GROUP
LOAD C:/ST/STM32CubeIDE_1.11.2/STM32CubeIDE/plugins/com.st.stm32cube.ide.mcu.externaltools.gnu-tools-for-stm32.11.3.rel1.win32_1.1.100.202309141235/tools/bin/../lib/gcc/arm-none-eabi/11.3.1/thumb/v7e-m+fp/hard\libgcc.a
LOAD C:/ST/STM32CubeIDE_1.11.2/STM32CubeIDE/plugins/com.st.stm32cube.ide.mcu.externaltools.gnu-tools-for-stm32.11.3.rel1.win32_1.1.100.202309141235/tools/bin/../lib/gcc/arm-none-eabi/11.3.1/../../../../arm-none-eabi/lib/thumb/v7e-m+fp/hard\libc_nano.a
LOAD C:/ST/STM32CubeIDE_1.11.2/STM32CubeIDE/plugins/com.st.stm32cube.ide.mcu.externaltools.gnu-tools-for-stm32.11.3.rel1.win32_1.1.100.202309141235/tools/bin/../lib/gcc/arm-none-eabi/11.3.1/../../../../arm-none-eabi/lib/thumb/v7e-m+fp/hard\libnosys.a
END GROUP
LOAD C:/ST/STM32CubeIDE_1.11.2/STM32CubeIDE/plugins/com.st.stm32cube.ide.mcu.externaltools.gnu-tools-for-stm32.11.3.rel1.win32_1.1.100.202309141235/tools/bin/../lib/gcc/arm-none-eabi/11.3.1/thumb/v7e-m+fp/hard/crtend.o
LOAD C:/ST/STM32CubeIDE_1.11.2/STM32CubeIDE/plugins/com.st.stm32cube.ide.mcu.externaltools.gnu-tools-for-stm32.11.3.rel1.win32_1.1.100.202309141235/tools/bin/../lib/gcc/arm-none-eabi/11.3.1/thumb/v7e-m+fp/hard/crtn.o
                0x0000000020020000                _estack = (ORIGIN (RAM) + LENGTH (RAM))
                0x0000000000000200                _Min_Heap_Size = 0x200
                0x0000000000000400                _Min_Stack_Size = 0x400

.isr_vector     0x0000000008000000      0x188
                0x0000000008000000                . = ALIGN (0x4)
 *(.isr_vector)
 .isr_vector    0x0000000008000000      0x188 ./Core/Startup/startup_stm32f407vgtx.o
                0x0000000008000000                g_pfnVectors
                0x0000000008000188                . = ALIGN (0x4)

.text           0x0000000008000188     0x596c
                0x0000000008000188                . = ALIGN (0x4)
 *(.text)
 .text          0x0000000008000188       0x40 C:/ST/STM32CubeIDE_1.11.2/STM32CubeIDE/plugins/com.st.stm32cube.ide.mcu.externaltools.gnu-tools-for-stm32.11.3.rel1.win32_1.1.100.202309141235/tools/bin/../lib/gcc/arm-none-eabi/11.3.1/thumb/v7e-m+fp/hard/crtbegin.o
 .text          0x00000000080001c8       0x30 C:/ST/STM32CubeIDE_1.11.2/STM32CubeIDE/plugins/com.st.stm32cube.ide.mcu.externaltools.gnu-tools-for-stm32.11.3.rel1.win32_1.1.100.202309141235/tools/bin/../lib/gcc/arm-none-eabi/11.3.1/thumb/v7e-m+fp/hard\libgcc.a(_aeabi_uldivmod.o)
                0x00000000080001c8                __aeabi_uldivmod
 .text          0x00000000080001f8      0x2c8 C:/ST/STM32CubeIDE_1.11.2/STM32CubeIDE/plugins/com.st.stm32cube.ide.mcu.externaltools.gnu-tools-for-stm32.11.3.rel1.win32_1.1.100.202309141235/tools/bin/../lib/gcc/arm-none-eabi/11.3.1/thumb/v7e-m+fp/hard\libgcc.a(_udivmoddi4.o)
                0x00000000080001f8                __udivmoddi4
 .text          0x00000000080004c0        0x4 C:/ST/STM32CubeIDE_1.11.2/STM32CubeIDE/plugins/com.st.stm32cube.ide.mcu.externaltools.gnu-tools-for-stm32.11.3.rel1.win32_1.1.100.202309141235/tools/bin/../lib/gcc/arm-none-eabi/11.3.1/thumb/v7e-m+fp/hard\libgcc.a(_dvmd_tls.o)
                0x00000000080004c0                __aeabi_idiv0
                0x00000000080004c0                __aeabi_ldiv0
 *(.text*)
 .text.main     0x00000000080004c4       0xf8 ./Core/Src/main.o
                0x00000000080004c4                main
 .text.SystemClock_Config
                0x00000000080005bc       0xbc ./Core/Src/main.o
                0x00000000080005bc                SystemClock_Config
 .text.MX_SPI1_Init
                0x0000000008000678       0x6c ./Core/Src/main.o
 .text.MX_GPIO_Init
                0x00000000080006e4       0x64 ./Core/Src/main.o
 .text.Error_Handler
                0x0000000008000748        0xa ./Core/Src/main.o
                0x0000000008000748                Error_Handler
 *fill*         0x0000000008000752        0x2 
 .text.HAL_MspInit
                0x0000000008000754       0x50 ./Core/Src/stm32f4xx_hal_msp.o
                0x0000000008000754                HAL_MspInit
 .text.HAL_SPI_MspInit
                0x00000000080007a4       0x90 ./Core/Src/stm32f4xx_hal_msp.o
                0x00000000080007a4                HAL_SPI_MspInit
 .text.NMI_Handler
                0x0000000008000834        0x6 ./Core/Src/stm32f4xx_it.o
                0x0000000008000834                NMI_Handler
 .text.HardFault_Handler
                0x000000000800083a        0x6 ./Core/Src/stm32f4xx_it.o
                0x000000000800083a                HardFault_Handler
 .text.MemManage_Handler
                0x0000000008000840        0x6 ./Core/Src/stm32f4xx_it.o
                0x0000000008000840                MemManage_Handler
 .text.BusFault_Handler
                0x0000000008000846        0x6 ./Core/Src/stm32f4xx_it.o
                0x0000000008000846                BusFault_Handler
 .text.UsageFault_Handler
                0x000000000800084c        0x6 ./Core/Src/stm32f4xx_it.o
                0x000000000800084c                UsageFault_Handler
 .text.SVC_Handler
                0x0000000008000852        0xe ./Core/Src/stm32f4xx_it.o
                0x0000000008000852                SVC_Handler
 .text.DebugMon_Handler
                0x0000000008000860        0xe ./Core/Src/stm32f4xx_it.o
                0x0000000008000860                DebugMon_Handler
 .text.PendSV_Handler
                0x000000000800086e        0xe ./Core/Src/stm32f4xx_it.o
                0x000000000800086e                PendSV_Handler
 .text.SysTick_Handler
                0x000000000800087c       0x3c ./Core/Src/stm32f4xx_it.o
                0x000000000800087c                SysTick_Handler
 .text.SystemInit
                0x00000000080008b8       0x24 ./Core/Src/system_stm32f4xx.o
                0x00000000080008b8                SystemInit
 .text.Reset_Handler
                0x00000000080008dc       0x50 ./Core/Startup/startup_stm32f407vgtx.o
                0x00000000080008dc                Reset_Handler
 .text.Default_Handler
                0x000000000800092c        0x2 ./Core/Startup/startup_stm32f407vgtx.o
                0x000000000800092c                RTC_Alarm_IRQHandler
                0x000000000800092c                HASH_RNG_IRQHandler
                0x000000000800092c                EXTI2_IRQHandler
                0x000000000800092c                TIM8_CC_IRQHandler
                0x000000000800092c                TIM1_CC_IRQHandler
                0x000000000800092c                DMA2_Stream5_IRQHandler
                0x000000000800092c                DMA1_Stream5_IRQHandler
                0x000000000800092c                PVD_IRQHandler
                0x000000000800092c                SDIO_IRQHandler
                0x000000000800092c                TAMP_STAMP_IRQHandler
                0x000000000800092c                CAN2_RX1_IRQHandler
                0x000000000800092c                EXTI3_IRQHandler
                0x000000000800092c                TIM8_TRG_COM_TIM14_IRQHandler
                0x000000000800092c                TIM1_UP_TIM10_IRQHandler
                0x000000000800092c                TIM8_UP_TIM13_IRQHandler
                0x000000000800092c                I2C3_ER_IRQHandler
                0x000000000800092c                EXTI0_IRQHandler
                0x000000000800092c                I2C2_EV_IRQHandler
                0x000000000800092c                DMA1_Stream2_IRQHandler
                0x000000000800092c                CAN1_RX0_IRQHandler
                0x000000000800092c                FPU_IRQHandler
                0x000000000800092c                OTG_HS_WKUP_IRQHandler
                0x000000000800092c                CAN2_SCE_IRQHandler
                0x000000000800092c                DMA2_Stream2_IRQHandler
                0x000000000800092c                SPI1_IRQHandler
                0x000000000800092c                TIM6_DAC_IRQHandler
                0x000000000800092c                TIM1_BRK_TIM9_IRQHandler
                0x000000000800092c                DCMI_IRQHandler
                0x000000000800092c                CAN2_RX0_IRQHandler
                0x000000000800092c                DMA2_Stream3_IRQHandler
                0x000000000800092c                USART6_IRQHandler
                0x000000000800092c                USART3_IRQHandler
                0x000000000800092c                CAN1_RX1_IRQHandler
                0x000000000800092c                UART5_IRQHandler
                0x000000000800092c                DMA2_Stream0_IRQHandler
                0x000000000800092c                TIM4_IRQHandler
                0x000000000800092c                I2C1_EV_IRQHandler
                0x000000000800092c                DMA1_Stream6_IRQHandler
                0x000000000800092c                DMA1_Stream1_IRQHandler
                0x000000000800092c                UART4_IRQHandler
                0x000000000800092c                TIM3_IRQHandler
                0x000000000800092c                RCC_IRQHandler
                0x000000000800092c                TIM8_BRK_TIM12_IRQHandler
                0x000000000800092c                Default_Handler
                0x000000000800092c                EXTI15_10_IRQHandler
                0x000000000800092c                ADC_IRQHandler
                0x000000000800092c                DMA1_Stream7_IRQHandler
                0x000000000800092c                TIM7_IRQHandler
                0x000000000800092c                CAN2_TX_IRQHandler
                0x000000000800092c                TIM5_IRQHandler
                0x000000000800092c                DMA2_Stream7_IRQHandler
                0x000000000800092c                I2C3_EV_IRQHandler
                0x000000000800092c                EXTI9_5_IRQHandler
                0x000000000800092c                RTC_WKUP_IRQHandler
                0x000000000800092c                ETH_WKUP_IRQHandler
                0x000000000800092c                SPI2_IRQHandler
                0x000000000800092c                OTG_HS_EP1_IN_IRQHandler
                0x000000000800092c                DMA1_Stream0_IRQHandler
                0x000000000800092c                CAN1_TX_IRQHandler
                0x000000000800092c                EXTI4_IRQHandler
                0x000000000800092c                FSMC_IRQHandler
                0x000000000800092c                ETH_IRQHandler
                0x000000000800092c                OTG_HS_EP1_OUT_IRQHandler
                0x000000000800092c                WWDG_IRQHandler
                0x000000000800092c                TIM2_IRQHandler
                0x000000000800092c                OTG_FS_WKUP_IRQHandler
                0x000000000800092c                TIM1_TRG_COM_TIM11_IRQHandler
                0x000000000800092c                OTG_HS_IRQHandler
                0x000000000800092c                EXTI1_IRQHandler
                0x000000000800092c                USART2_IRQHandler
                0x000000000800092c                I2C2_ER_IRQHandler
                0x000000000800092c                DMA2_Stream1_IRQHandler
                0x000000000800092c                CAN1_SCE_IRQHandler
                0x000000000800092c                FLASH_IRQHandler
                0x000000000800092c                DMA2_Stream4_IRQHandler
                0x000000000800092c                USART1_IRQHandler
                0x000000000800092c                OTG_FS_IRQHandler
                0x000000000800092c                SPI3_IRQHandler
                0x000000000800092c                DMA1_Stream4_IRQHandler
                0x000000000800092c                I2C1_ER_IRQHandler
                0x000000000800092c                DMA2_Stream6_IRQHandler
                0x000000000800092c                DMA1_Stream3_IRQHandler
 *fill*         0x000000000800092e        0x2 
 .text.HAL_Init
                0x0000000008000930       0x44 ./Drivers/STM32F4xx_HAL_Driver/Src/stm32f4xx_hal.o
                0x0000000008000930                HAL_Init
 .text.HAL_InitTick
                0x0000000008000974       0x60 ./Drivers/STM32F4xx_HAL_Driver/Src/stm32f4xx_hal.o
                0x0000000008000974                HAL_InitTick
 .text.HAL_IncTick
                0x00000000080009d4       0x28 ./Drivers/STM32F4xx_HAL_Driver/Src/stm32f4xx_hal.o
                0x00000000080009d4                HAL_IncTick
 .text.HAL_GetTick
                0x00000000080009fc       0x18 ./Drivers/STM32F4xx_HAL_Driver/Src/stm32f4xx_hal.o
                0x00000000080009fc                HAL_GetTick
 .text.HAL_Delay
                0x0000000008000a14       0x48 ./Drivers/STM32F4xx_HAL_Driver/Src/stm32f4xx_hal.o
                0x0000000008000a14                HAL_Delay
 .text.__NVIC_SetPriorityGrouping
                0x0000000008000a5c       0x48 ./Drivers/STM32F4xx_HAL_Driver/Src/stm32f4xx_hal_cortex.o
 .text.__NVIC_GetPriorityGrouping
                0x0000000008000aa4       0x1c ./Drivers/STM32F4xx_HAL_Driver/Src/stm32f4xx_hal_cortex.o
 .text.__NVIC_SetPriority
                0x0000000008000ac0       0x54 ./Drivers/STM32F4xx_HAL_Driver/Src/stm32f4xx_hal_cortex.o
 .text.NVIC_EncodePriority
                0x0000000008000b14       0x66 ./Drivers/STM32F4xx_HAL_Driver/Src/stm32f4xx_hal_cortex.o
 *fill*         0x0000000008000b7a        0x2 
 .text.SysTick_Config
                0x0000000008000b7c       0x44 ./Drivers/STM32F4xx_HAL_Driver/Src/stm32f4xx_hal_cortex.o
 .text.HAL_NVIC_SetPriorityGrouping
                0x0000000008000bc0       0x16 ./Drivers/STM32F4xx_HAL_Driver/Src/stm32f4xx_hal_cortex.o
                0x0000000008000bc0                HAL_NVIC_SetPriorityGrouping
 .text.HAL_NVIC_SetPriority
                0x0000000008000bd6       0x38 ./Drivers/STM32F4xx_HAL_Driver/Src/stm32f4xx_hal_cortex.o
                0x0000000008000bd6                HAL_NVIC_SetPriority
 .text.HAL_SYSTICK_Config
                0x0000000008000c0e       0x18 ./Drivers/STM32F4xx_HAL_Driver/Src/stm32f4xx_hal_cortex.o
                0x0000000008000c0e                HAL_SYSTICK_Config
 *fill*         0x0000000008000c26        0x2 
 .text.HAL_GPIO_Init
                0x0000000008000c28      0x338 ./Drivers/STM32F4xx_HAL_Driver/Src/stm32f4xx_hal_gpio.o
                0x0000000008000c28                HAL_GPIO_Init
 .text.HAL_GPIO_WritePin
                0x0000000008000f60       0x32 ./Drivers/STM32F4xx_HAL_Driver/Src/stm32f4xx_hal_gpio.o
                0x0000000008000f60                HAL_GPIO_WritePin
 *fill*         0x0000000008000f92        0x2 
 .text.HAL_RCC_OscConfig
                0x0000000008000f94      0x4f0 ./Drivers/STM32F4xx_HAL_Driver/Src/stm32f4xx_hal_rcc.o
                0x0000000008000f94                HAL_RCC_OscConfig
 .text.HAL_RCC_ClockConfig
                0x0000000008001484      0x1cc ./Drivers/STM32F4xx_HAL_Driver/Src/stm32f4xx_hal_rcc.o
                0x0000000008001484                HAL_RCC_ClockConfig
 .text.HAL_RCC_GetSysClockFreq
                0x0000000008001650      0x18c ./Drivers/STM32F4xx_HAL_Driver/Src/stm32f4xx_hal_rcc.o
                0x0000000008001650                HAL_RCC_GetSysClockFreq
 .text.HAL_SPI_Init
                0x00000000080017dc      0x112 ./Drivers/STM32F4xx_HAL_Driver/Src/stm32f4xx_hal_spi.o
                0x00000000080017dc                HAL_SPI_Init
 .text.HAL_SPI_Transmit
                0x00000000080018ee      0x278 ./Drivers/STM32F4xx_HAL_Driver/Src/stm32f4xx_hal_spi.o
                0x00000000080018ee                HAL_SPI_Transmit
 .text.HAL_SPI_TransmitReceive
                0x0000000008001b66      0x344 ./Drivers/STM32F4xx_HAL_Driver/Src/stm32f4xx_hal_spi.o
                0x0000000008001b66                HAL_SPI_TransmitReceive
 *fill*         0x0000000008001eaa        0x2 
 .text.SPI_WaitFlagStateUntilTimeout
                0x0000000008001eac      0x110 ./Drivers/STM32F4xx_HAL_Driver/Src/stm32f4xx_hal_spi.o
 .text.SPI_EndRxTxTransaction
                0x0000000008001fbc       0x84 ./Drivers/STM32F4xx_HAL_Driver/Src/stm32f4xx_hal_spi.o
 .text.MX_FATFS_Init
                0x0000000008002040       0x24 ./FATFS/App/fatfs.o
                0x0000000008002040                MX_FATFS_Init
 .text.get_fattime
                0x0000000008002064       0x10 ./FATFS/App/fatfs.o
                0x0000000008002064                get_fattime
 .text.USER_initialize
                0x0000000008002074       0x1e ./FATFS/Target/user_diskio.o
                0x0000000008002074                USER_initialize
 .text.USER_status
                0x0000000008002092       0x1e ./FATFS/Target/user_diskio.o
                0x0000000008002092                USER_status
 .text.USER_read
                0x00000000080020b0       0x28 ./FATFS/Target/user_diskio.o
                0x00000000080020b0                USER_read
 .text.USER_write
                0x00000000080020d8       0x28 ./FATFS/Target/user_diskio.o
                0x00000000080020d8                USER_write
 .text.USER_ioctl
                0x0000000008002100       0x28 ./FATFS/Target/user_diskio.o
                0x0000000008002100                USER_ioctl
 .text.disk_status
                0x0000000008002128       0x34 ./Middlewares/Third_Party/FatFs/src/diskio.o
                0x0000000008002128                disk_status
 .text.disk_initialize
                0x000000000800215c       0x4c ./Middlewares/Third_Party/FatFs/src/diskio.o
                0x000000000800215c                disk_initialize
 .text.disk_read
                0x00000000080021a8       0x40 ./Middlewares/Third_Party/FatFs/src/diskio.o
                0x00000000080021a8                disk_read
 .text.disk_write
                0x00000000080021e8       0x40 ./Middlewares/Third_Party/FatFs/src/diskio.o
                0x00000000080021e8                disk_write
 .text.disk_ioctl
                0x0000000008002228       0x3c ./Middlewares/Third_Party/FatFs/src/diskio.o
                0x0000000008002228                disk_ioctl
 .text.ld_word  0x0000000008002264       0x30 ./Middlewares/Third_Party/FatFs/src/ff.o
 .text.ld_dword
                0x0000000008002294       0x46 ./Middlewares/Third_Party/FatFs/src/ff.o
 .text.st_word  0x00000000080022da       0x36 ./Middlewares/Third_Party/FatFs/src/ff.o
 .text.st_dword
                0x0000000008002310       0x58 ./Middlewares/Third_Party/FatFs/src/ff.o
 .text.mem_cpy  0x0000000008002368       0x42 ./Middlewares/Third_Party/FatFs/src/ff.o
 .text.mem_set  0x00000000080023aa       0x36 ./Middlewares/Third_Party/FatFs/src/ff.o
 .text.mem_cmp  0x00000000080023e0       0x4e ./Middlewares/Third_Party/FatFs/src/ff.o
 .text.chk_chr  0x000000000800242e       0x36 ./Middlewares/Third_Party/FatFs/src/ff.o
 .text.chk_lock
                0x0000000008002464       0xb8 ./Middlewares/Third_Party/FatFs/src/ff.o
 .text.enq_lock
                0x000000000800251c       0x44 ./Middlewares/Third_Party/FatFs/src/ff.o
 .text.inc_lock
                0x0000000008002560      0x11c ./Middlewares/Third_Party/FatFs/src/ff.o
 .text.dec_lock
                0x000000000800267c       0x78 ./Middlewares/Third_Party/FatFs/src/ff.o
 .text.clear_lock
                0x00000000080026f4       0x48 ./Middlewares/Third_Party/FatFs/src/ff.o
 .text.sync_window
                0x000000000800273c       0x88 ./Middlewares/Third_Party/FatFs/src/ff.o
 .text.move_window
                0x00000000080027c4       0x5a ./Middlewares/Third_Party/FatFs/src/ff.o
 *fill*         0x000000000800281e        0x2 
 .text.sync_fs  0x0000000008002820       0xe0 ./Middlewares/Third_Party/FatFs/src/ff.o
 .text.clust2sect
                0x0000000008002900       0x3e ./Middlewares/Third_Party/FatFs/src/ff.o
 .text.get_fat  0x000000000800293e      0x1a8 ./Middlewares/Third_Party/FatFs/src/ff.o
 .text.put_fat  0x0000000008002ae6      0x234 ./Middlewares/Third_Party/FatFs/src/ff.o
 .text.remove_chain
                0x0000000008002d1a       0xca ./Middlewares/Third_Party/FatFs/src/ff.o
 .text.create_chain
                0x0000000008002de4      0x130 ./Middlewares/Third_Party/FatFs/src/ff.o
 .text.clmt_clust
                0x0000000008002f14       0x70 ./Middlewares/Third_Party/FatFs/src/ff.o
 .text.dir_sdi  0x0000000008002f84      0x112 ./Middlewares/Third_Party/FatFs/src/ff.o
 .text.dir_next
                0x0000000008003096      0x1ac ./Middlewares/Third_Party/FatFs/src/ff.o
 .text.dir_alloc
                0x0000000008003242       0x8e ./Middlewares/Third_Party/FatFs/src/ff.o
 .text.ld_clust
                0x00000000080032d0       0x3e ./Middlewares/Third_Party/FatFs/src/ff.o
 .text.st_clust
                0x000000000800330e       0x40 ./Middlewares/Third_Party/FatFs/src/ff.o
 *fill*         0x000000000800334e        0x2 
 .text.cmp_lfn  0x0000000008003350       0xe0 ./Middlewares/Third_Party/FatFs/src/ff.o
 .text.put_lfn  0x0000000008003430       0xd0 ./Middlewares/Third_Party/FatFs/src/ff.o
 .text.gen_numname
                0x0000000008003500      0x11c ./Middlewares/Third_Party/FatFs/src/ff.o
 .text.sum_sfn  0x000000000800361c       0x42 ./Middlewares/Third_Party/FatFs/src/ff.o
 .text.dir_find
                0x000000000800365e      0x180 ./Middlewares/Third_Party/FatFs/src/ff.o
 *fill*         0x00000000080037de        0x2 
 .text.dir_register
                0x00000000080037e0      0x1f0 ./Middlewares/Third_Party/FatFs/src/ff.o
 .text.create_name
                0x00000000080039d0      0x370 ./Middlewares/Third_Party/FatFs/src/ff.o
 .text.follow_path
                0x0000000008003d40       0xec ./Middlewares/Third_Party/FatFs/src/ff.o
 .text.get_ldnumber
                0x0000000008003e2c       0x88 ./Middlewares/Third_Party/FatFs/src/ff.o
 .text.check_fs
                0x0000000008003eb4       0xac ./Middlewares/Third_Party/FatFs/src/ff.o
 .text.find_volume
                0x0000000008003f60      0x50c ./Middlewares/Third_Party/FatFs/src/ff.o
 .text.validate
                0x000000000800446c       0x6a ./Middlewares/Third_Party/FatFs/src/ff.o
 *fill*         0x00000000080044d6        0x2 
 .text.f_mount  0x00000000080044d8       0x8c ./Middlewares/Third_Party/FatFs/src/ff.o
                0x00000000080044d8                f_mount
 .text.f_open   0x0000000008004564      0x398 ./Middlewares/Third_Party/FatFs/src/ff.o
                0x0000000008004564                f_open
 .text.f_write  0x00000000080048fc      0x328 ./Middlewares/Third_Party/FatFs/src/ff.o
                0x00000000080048fc                f_write
 .text.f_sync   0x0000000008004c24       0xfc ./Middlewares/Third_Party/FatFs/src/ff.o
                0x0000000008004c24                f_sync
 .text.f_close  0x0000000008004d20       0x54 ./Middlewares/Third_Party/FatFs/src/ff.o
                0x0000000008004d20                f_close
 .text.putc_bfd
                0x0000000008004d74       0x7a ./Middlewares/Third_Party/FatFs/src/ff.o
 .text.putc_flush
                0x0000000008004dee       0x4a ./Middlewares/Third_Party/FatFs/src/ff.o
 .text.putc_init
                0x0000000008004e38       0x2a ./Middlewares/Third_Party/FatFs/src/ff.o
 .text.f_puts   0x0000000008004e62       0x48 ./Middlewares/Third_Party/FatFs/src/ff.o
                0x0000000008004e62                f_puts
 *fill*         0x0000000008004eaa        0x2 
 .text.FATFS_LinkDriverEx
                0x0000000008004eac       0x98 ./Middlewares/Third_Party/FatFs/src/ff_gen_drv.o
                0x0000000008004eac                FATFS_LinkDriverEx
 .text.FATFS_LinkDriver
                0x0000000008004f44       0x1e ./Middlewares/Third_Party/FatFs/src/ff_gen_drv.o
                0x0000000008004f44                FATFS_LinkDriver
 *fill*         0x0000000008004f62        0x2 
 .text.ff_convert
                0x0000000008004f64       0x78 ./Middlewares/Third_Party/FatFs/src/option/ccsbcs.o
                0x0000000008004f64                ff_convert
 .text.ff_wtoupper
                0x0000000008004fdc      0x114 ./Middlewares/Third_Party/FatFs/src/option/ccsbcs.o
                0x0000000008004fdc                ff_wtoupper
 .text.SELECT   0x00000000080050f0       0x1c ./User_Defined/sd.o
 .text.DESELECT
                0x000000000800510c       0x1c ./User_Defined/sd.o
 .text.SPI_TxByte
                0x0000000008005128       0x34 ./User_Defined/sd.o
 .text.SPI_TxBuffer
                0x000000000800515c       0x34 ./User_Defined/sd.o
 .text.SPI_RxByte
                0x0000000008005190       0x38 ./User_Defined/sd.o
 .text.SPI_RxBytePtr
                0x00000000080051c8       0x1c ./User_Defined/sd.o
 .text.SD_ReadyWait
                0x00000000080051e4       0x34 ./User_Defined/sd.o
 .text.SD_PowerOn
                0x0000000008005218       0x84 ./User_Defined/sd.o
 .text.SD_PowerOff
                0x000000000800529c       0x18 ./User_Defined/sd.o
 .text.SD_CheckPower
                0x00000000080052b4       0x18 ./User_Defined/sd.o
 .text.SD_RxDataBlock
                0x00000000080052cc       0x5c ./User_Defined/sd.o
 .text.SD_TxDataBlock
                0x0000000008005328       0x86 ./User_Defined/sd.o
 .text.SD_SendCmd
                0x00000000080053ae       0xa8 ./User_Defined/sd.o
 *fill*         0x0000000008005456        0x2 
 .text.SD_disk_initialize
                0x0000000008005458      0x1cc ./User_Defined/sd.o
                0x0000000008005458                SD_disk_initialize
 .text.SD_disk_status
                0x0000000008005624       0x2c ./User_Defined/sd.o
                0x0000000008005624                SD_disk_status
 .text.SD_disk_read
                0x0000000008005650       0xd4 ./User_Defined/sd.o
                0x0000000008005650                SD_disk_read
 .text.SD_disk_write
                0x0000000008005724      0x108 ./User_Defined/sd.o
                0x0000000008005724                SD_disk_write
 .text.SD_disk_ioctl
                0x000000000800582c      0x258 ./User_Defined/sd.o
                0x000000000800582c                SD_disk_ioctl
 .text.memset   0x0000000008005a84       0x10 C:/ST/STM32CubeIDE_1.11.2/STM32CubeIDE/plugins/com.st.stm32cube.ide.mcu.externaltools.gnu-tools-for-stm32.11.3.rel1.win32_1.1.100.202309141235/tools/bin/../lib/gcc/arm-none-eabi/11.3.1/../../../../arm-none-eabi/lib/thumb/v7e-m+fp/hard\libc_nano.a(libc_a-memset.o)
                0x0000000008005a84                memset
 .text.__libc_init_array
                0x0000000008005a94       0x48 C:/ST/STM32CubeIDE_1.11.2/STM32CubeIDE/plugins/com.st.stm32cube.ide.mcu.externaltools.gnu-tools-for-stm32.11.3.rel1.win32_1.1.100.202309141235/tools/bin/../lib/gcc/arm-none-eabi/11.3.1/../../../../arm-none-eabi/lib/thumb/v7e-m+fp/hard\libc_nano.a(libc_a-init.o)
                0x0000000008005a94                __libc_init_array
 *(.glue_7)
 .glue_7        0x0000000008005adc        0x0 linker stubs
 *(.glue_7t)
 .glue_7t       0x0000000008005adc        0x0 linker stubs
 *(.eh_frame)
 .eh_frame      0x0000000008005adc        0x0 C:/ST/STM32CubeIDE_1.11.2/STM32CubeIDE/plugins/com.st.stm32cube.ide.mcu.externaltools.gnu-tools-for-stm32.11.3.rel1.win32_1.1.100.202309141235/tools/bin/../lib/gcc/arm-none-eabi/11.3.1/thumb/v7e-m+fp/hard/crtbegin.o
 *(.init)
 .init          0x0000000008005adc        0x4 C:/ST/STM32CubeIDE_1.11.2/STM32CubeIDE/plugins/com.st.stm32cube.ide.mcu.externaltools.gnu-tools-for-stm32.11.3.rel1.win32_1.1.100.202309141235/tools/bin/../lib/gcc/arm-none-eabi/11.3.1/thumb/v7e-m+fp/hard/crti.o
                0x0000000008005adc                _init
 .init          0x0000000008005ae0        0x8 C:/ST/STM32CubeIDE_1.11.2/STM32CubeIDE/plugins/com.st.stm32cube.ide.mcu.externaltools.gnu-tools-for-stm32.11.3.rel1.win32_1.1.100.202309141235/tools/bin/../lib/gcc/arm-none-eabi/11.3.1/thumb/v7e-m+fp/hard/crtn.o
 *(.fini)
 .fini          0x0000000008005ae8        0x4 C:/ST/STM32CubeIDE_1.11.2/STM32CubeIDE/plugins/com.st.stm32cube.ide.mcu.externaltools.gnu-tools-for-stm32.11.3.rel1.win32_1.1.100.202309141235/tools/bin/../lib/gcc/arm-none-eabi/11.3.1/thumb/v7e-m+fp/hard/crti.o
                0x0000000008005ae8                _fini
 .fini          0x0000000008005aec        0x8 C:/ST/STM32CubeIDE_1.11.2/STM32CubeIDE/plugins/com.st.stm32cube.ide.mcu.externaltools.gnu-tools-for-stm32.11.3.rel1.win32_1.1.100.202309141235/tools/bin/../lib/gcc/arm-none-eabi/11.3.1/thumb/v7e-m+fp/hard/crtn.o
                0x0000000008005af4                . = ALIGN (0x4)
                0x0000000008005af4                _etext = .

.vfp11_veneer   0x0000000008005af4        0x0
 .vfp11_veneer  0x0000000008005af4        0x0 linker stubs

.v4_bx          0x0000000008005af4        0x0
 .v4_bx         0x0000000008005af4        0x0 linker stubs

.iplt           0x0000000008005af4        0x0
 .iplt          0x0000000008005af4        0x0 C:/ST/STM32CubeIDE_1.11.2/STM32CubeIDE/plugins/com.st.stm32cube.ide.mcu.externaltools.gnu-tools-for-stm32.11.3.rel1.win32_1.1.100.202309141235/tools/bin/../lib/gcc/arm-none-eabi/11.3.1/thumb/v7e-m+fp/hard/crtbegin.o

.rodata         0x0000000008005af4      0x4c0
                0x0000000008005af4                . = ALIGN (0x4)
 *(.rodata)
 .rodata        0x0000000008005af4       0x26 ./Core/Src/main.o
 *fill*         0x0000000008005b1a        0x2 
 .rodata        0x0000000008005b1c       0x48 ./Middlewares/Third_Party/FatFs/src/ff.o
 *(.rodata*)
 .rodata.AHBPrescTable
                0x0000000008005b64       0x10 ./Core/Src/system_stm32f4xx.o
                0x0000000008005b64                AHBPrescTable
 .rodata.ExCvt  0x0000000008005b74       0x80 ./Middlewares/Third_Party/FatFs/src/ff.o
 .rodata.LfnOfs
                0x0000000008005bf4        0xd ./Middlewares/Third_Party/FatFs/src/ff.o
 *fill*         0x0000000008005c01        0x3 
 .rodata.Tbl    0x0000000008005c04      0x100 ./Middlewares/Third_Party/FatFs/src/option/ccsbcs.o
 .rodata.cvt1.1
                0x0000000008005d04      0x1f2 ./Middlewares/Third_Party/FatFs/src/option/ccsbcs.o
 *fill*         0x0000000008005ef6        0x2 
 .rodata.cvt2.0
                0x0000000008005ef8       0xbc ./Middlewares/Third_Party/FatFs/src/option/ccsbcs.o
                0x0000000008005fb4                . = ALIGN (0x4)

.ARM.extab      0x0000000008005fb4        0x0
                0x0000000008005fb4                . = ALIGN (0x4)
 *(.ARM.extab* .gnu.linkonce.armextab.*)
                0x0000000008005fb4                . = ALIGN (0x4)

.ARM            0x0000000008005fb4        0x8
                0x0000000008005fb4                . = ALIGN (0x4)
                0x0000000008005fb4                __exidx_start = .
 *(.ARM.exidx*)
 .ARM.exidx     0x0000000008005fb4        0x8 C:/ST/STM32CubeIDE_1.11.2/STM32CubeIDE/plugins/com.st.stm32cube.ide.mcu.externaltools.gnu-tools-for-stm32.11.3.rel1.win32_1.1.100.202309141235/tools/bin/../lib/gcc/arm-none-eabi/11.3.1/thumb/v7e-m+fp/hard\libgcc.a(_udivmoddi4.o)
                0x0000000008005fbc                __exidx_end = .
                0x0000000008005fbc                . = ALIGN (0x4)

.rel.dyn        0x0000000008005fbc        0x0
 .rel.iplt      0x0000000008005fbc        0x0 C:/ST/STM32CubeIDE_1.11.2/STM32CubeIDE/plugins/com.st.stm32cube.ide.mcu.externaltools.gnu-tools-for-stm32.11.3.rel1.win32_1.1.100.202309141235/tools/bin/../lib/gcc/arm-none-eabi/11.3.1/thumb/v7e-m+fp/hard/crtbegin.o

.preinit_array  0x0000000008005fbc        0x0
                0x0000000008005fbc                . = ALIGN (0x4)
                0x0000000008005fbc                PROVIDE (__preinit_array_start = .)
 *(.preinit_array*)
                0x0000000008005fbc                PROVIDE (__preinit_array_end = .)
                0x0000000008005fbc                . = ALIGN (0x4)

.init_array     0x0000000008005fbc        0x4
                0x0000000008005fbc                . = ALIGN (0x4)
                0x0000000008005fbc                PROVIDE (__init_array_start = .)
 *(SORT_BY_NAME(.init_array.*))
 *(.init_array*)
 .init_array    0x0000000008005fbc        0x4 C:/ST/STM32CubeIDE_1.11.2/STM32CubeIDE/plugins/com.st.stm32cube.ide.mcu.externaltools.gnu-tools-for-stm32.11.3.rel1.win32_1.1.100.202309141235/tools/bin/../lib/gcc/arm-none-eabi/11.3.1/thumb/v7e-m+fp/hard/crtbegin.o
                0x0000000008005fc0                PROVIDE (__init_array_end = .)
                0x0000000008005fc0                . = ALIGN (0x4)

.fini_array     0x0000000008005fc0        0x4
                0x0000000008005fc0                . = ALIGN (0x4)
                [!provide]                        PROVIDE (__fini_array_start = .)
 *(SORT_BY_NAME(.fini_array.*))
 *(.fini_array*)
 .fini_array    0x0000000008005fc0        0x4 C:/ST/STM32CubeIDE_1.11.2/STM32CubeIDE/plugins/com.st.stm32cube.ide.mcu.externaltools.gnu-tools-for-stm32.11.3.rel1.win32_1.1.100.202309141235/tools/bin/../lib/gcc/arm-none-eabi/11.3.1/thumb/v7e-m+fp/hard/crtbegin.o
                [!provide]                        PROVIDE (__fini_array_end = .)
                0x0000000008005fc4                . = ALIGN (0x4)
                0x0000000008005fc4                _sidata = LOADADDR (.data)

.data           0x0000000020000000       0x24 load address 0x0000000008005fc4
                0x0000000020000000                . = ALIGN (0x4)
                0x0000000020000000                _sdata = .
 *(.data)
 *(.data*)
 .data.SystemCoreClock
                0x0000000020000000        0x4 ./Core/Src/system_stm32f4xx.o
                0x0000000020000000                SystemCoreClock
 .data.uwTickPrio
                0x0000000020000004        0x4 ./Drivers/STM32F4xx_HAL_Driver/Src/stm32f4xx_hal.o
                0x0000000020000004                uwTickPrio
 .data.uwTickFreq
                0x0000000020000008        0x1 ./Drivers/STM32F4xx_HAL_Driver/Src/stm32f4xx_hal.o
                0x0000000020000008                uwTickFreq
 *fill*         0x0000000020000009        0x3 
 .data.USER_Driver
                0x000000002000000c       0x14 ./FATFS/Target/user_diskio.o
                0x000000002000000c                USER_Driver
 .data.Stat     0x0000000020000020        0x1 ./User_Defined/sd.o
 *(.RamFunc)
 *(.RamFunc*)
                0x0000000020000024                . = ALIGN (0x4)
 *fill*         0x0000000020000021        0x3 
                0x0000000020000024                _edata = .
                0x0000000008005fe8                _siccmram = LOADADDR (.ccmram)

.igot.plt       0x0000000020000024        0x0 load address 0x0000000008005fe8
 .igot.plt      0x0000000020000024        0x0 C:/ST/STM32CubeIDE_1.11.2/STM32CubeIDE/plugins/com.st.stm32cube.ide.mcu.externaltools.gnu-tools-for-stm32.11.3.rel1.win32_1.1.100.202309141235/tools/bin/../lib/gcc/arm-none-eabi/11.3.1/thumb/v7e-m+fp/hard/crtbegin.o

.ccmram         0x0000000010000000        0x0 load address 0x0000000008005fe8
                0x0000000010000000                . = ALIGN (0x4)
                0x0000000010000000                _sccmram = .
 *(.ccmram)
 *(.ccmram*)
                0x0000000010000000                . = ALIGN (0x4)
                0x0000000010000000                _eccmram = .
                0x0000000010000000                . = ALIGN (0x4)

.bss            0x0000000020000024     0x232c
                0x0000000020000024                _sbss = .
                0x0000000020000024                __bss_start__ = _sbss
 *(.bss)
 .bss           0x0000000020000024       0x1c C:/ST/STM32CubeIDE_1.11.2/STM32CubeIDE/plugins/com.st.stm32cube.ide.mcu.externaltools.gnu-tools-for-stm32.11.3.rel1.win32_1.1.100.202309141235/tools/bin/../lib/gcc/arm-none-eabi/11.3.1/thumb/v7e-m+fp/hard/crtbegin.o
 *(.bss*)
 .bss.fs        0x0000000020000040     0x1038 ./Core/Src/main.o
                0x0000000020000040                fs
 .bss.fil       0x0000000020001078     0x1030 ./Core/Src/main.o
                0x0000000020001078                fil
 .bss.c         0x00000000200020a8        0x4 ./Core/Src/main.o
                0x00000000200020a8                c
 .bss.res       0x00000000200020ac        0x1 ./Core/Src/main.o
                0x00000000200020ac                res
 *fill*         0x00000000200020ad        0x3 
 .bss.hspi1     0x00000000200020b0       0x58 ./Core/Src/main.o
                0x00000000200020b0                hspi1
 .bss.uwTick    0x0000000020002108        0x4 ./Drivers/STM32F4xx_HAL_Driver/Src/stm32f4xx_hal.o
                0x0000000020002108                uwTick
 .bss.retUSER   0x000000002000210c        0x1 ./FATFS/App/fatfs.o
                0x000000002000210c                retUSER
 *fill*         0x000000002000210d        0x3 
 .bss.USERPath  0x0000000020002110        0x4 ./FATFS/App/fatfs.o
                0x0000000020002110                USERPath
 .bss.FatFs     0x0000000020002114        0x4 ./Middlewares/Third_Party/FatFs/src/ff.o
 .bss.Fsid      0x0000000020002118        0x2 ./Middlewares/Third_Party/FatFs/src/ff.o
 *fill*         0x000000002000211a        0x2 
 .bss.Files     0x000000002000211c       0x20 ./Middlewares/Third_Party/FatFs/src/ff.o
 .bss.LfnBuf    0x000000002000213c      0x200 ./Middlewares/Third_Party/FatFs/src/ff.o
 .bss.disk      0x000000002000233c        0xc ./Middlewares/Third_Party/FatFs/src/ff_gen_drv.o
                0x000000002000233c                disk
 .bss.Timer1    0x0000000020002348        0x2 ./User_Defined/sd.o
                0x0000000020002348                Timer1
 .bss.Timer2    0x000000002000234a        0x2 ./User_Defined/sd.o
                0x000000002000234a                Timer2
 .bss.CardType  0x000000002000234c        0x1 ./User_Defined/sd.o
 .bss.PowerFlag
                0x000000002000234d        0x1 ./User_Defined/sd.o
 *(COMMON)
                0x0000000020002350                . = ALIGN (0x4)
 *fill*         0x000000002000234e        0x2 
                0x0000000020002350                _ebss = .
                0x0000000020002350                __bss_end__ = _ebss

._user_heap_stack
                0x0000000020002350      0x600
                0x0000000020002350                . = ALIGN (0x8)
                [!provide]                        PROVIDE (end = .)
                0x0000000020002350                PROVIDE (_end = .)
                0x0000000020002550                . = (. + _Min_Heap_Size)
 *fill*         0x0000000020002350      0x200 
                0x0000000020002950                . = (. + _Min_Stack_Size)
 *fill*         0x0000000020002550      0x400 
                0x0000000020002950                . = ALIGN (0x8)

/DISCARD/
 libc.a(*)
 libm.a(*)
 libgcc.a(*)

.ARM.attributes
                0x0000000000000000       0x30
 *(.ARM.attributes)
 .ARM.attributes
                0x0000000000000000       0x1e C:/ST/STM32CubeIDE_1.11.2/STM32CubeIDE/plugins/com.st.stm32cube.ide.mcu.externaltools.gnu-tools-for-stm32.11.3.rel1.win32_1.1.100.202309141235/tools/bin/../lib/gcc/arm-none-eabi/11.3.1/thumb/v7e-m+fp/hard/crti.o
 .ARM.attributes
                0x000000000000001e       0x34 C:/ST/STM32CubeIDE_1.11.2/STM32CubeIDE/plugins/com.st.stm32cube.ide.mcu.externaltools.gnu-tools-for-stm32.11.3.rel1.win32_1.1.100.202309141235/tools/bin/../lib/gcc/arm-none-eabi/11.3.1/thumb/v7e-m+fp/hard/crtbegin.o
 .ARM.attributes
                0x0000000000000052       0x34 ./Core/Src/main.o
 .ARM.attributes
                0x0000000000000086       0x34 ./Core/Src/stm32f4xx_hal_msp.o
 .ARM.attributes
                0x00000000000000ba       0x34 ./Core/Src/stm32f4xx_it.o
 .ARM.attributes
                0x00000000000000ee       0x34 ./Core/Src/system_stm32f4xx.o
 .ARM.attributes
                0x0000000000000122       0x21 ./Core/Startup/startup_stm32f407vgtx.o
 .ARM.attributes
                0x0000000000000143       0x34 ./Drivers/STM32F4xx_HAL_Driver/Src/stm32f4xx_hal.o
 .ARM.attributes
                0x0000000000000177       0x34 ./Drivers/STM32F4xx_HAL_Driver/Src/stm32f4xx_hal_cortex.o
 .ARM.attributes
                0x00000000000001ab       0x34 ./Drivers/STM32F4xx_HAL_Driver/Src/stm32f4xx_hal_gpio.o
 .ARM.attributes
                0x00000000000001df       0x34 ./Drivers/STM32F4xx_HAL_Driver/Src/stm32f4xx_hal_rcc.o
 .ARM.attributes
                0x0000000000000213       0x34 ./Drivers/STM32F4xx_HAL_Driver/Src/stm32f4xx_hal_spi.o
 .ARM.attributes
                0x0000000000000247       0x34 ./FATFS/App/fatfs.o
 .ARM.attributes
                0x000000000000027b       0x34 ./FATFS/Target/user_diskio.o
 .ARM.attributes
                0x00000000000002af       0x34 ./Middlewares/Third_Party/FatFs/src/diskio.o
 .ARM.attributes
                0x00000000000002e3       0x34 ./Middlewares/Third_Party/FatFs/src/ff.o
 .ARM.attributes
                0x0000000000000317       0x34 ./Middlewares/Third_Party/FatFs/src/ff_gen_drv.o
 .ARM.attributes
                0x000000000000034b       0x34 ./Middlewares/Third_Party/FatFs/src/option/ccsbcs.o
 .ARM.attributes
                0x000000000000037f       0x34 ./User_Defined/sd.o
 .ARM.attributes
                0x00000000000003b3       0x34 C:/ST/STM32CubeIDE_1.11.2/STM32CubeIDE/plugins/com.st.stm32cube.ide.mcu.externaltools.gnu-tools-for-stm32.11.3.rel1.win32_1.1.100.202309141235/tools/bin/../lib/gcc/arm-none-eabi/11.3.1/../../../../arm-none-eabi/lib/thumb/v7e-m+fp/hard\libc_nano.a(libc_a-memset.o)
 .ARM.attributes
                0x00000000000003e7       0x34 C:/ST/STM32CubeIDE_1.11.2/STM32CubeIDE/plugins/com.st.stm32cube.ide.mcu.externaltools.gnu-tools-for-stm32.11.3.rel1.win32_1.1.100.202309141235/tools/bin/../lib/gcc/arm-none-eabi/11.3.1/../../../../arm-none-eabi/lib/thumb/v7e-m+fp/hard\libc_nano.a(libc_a-init.o)
 .ARM.attributes
                0x000000000000041b       0x1e C:/ST/STM32CubeIDE_1.11.2/STM32CubeIDE/plugins/com.st.stm32cube.ide.mcu.externaltools.gnu-tools-for-stm32.11.3.rel1.win32_1.1.100.202309141235/tools/bin/../lib/gcc/arm-none-eabi/11.3.1/thumb/v7e-m+fp/hard\libgcc.a(_aeabi_uldivmod.o)
 .ARM.attributes
                0x0000000000000439       0x34 C:/ST/STM32CubeIDE_1.11.2/STM32CubeIDE/plugins/com.st.stm32cube.ide.mcu.externaltools.gnu-tools-for-stm32.11.3.rel1.win32_1.1.100.202309141235/tools/bin/../lib/gcc/arm-none-eabi/11.3.1/thumb/v7e-m+fp/hard\libgcc.a(_udivmoddi4.o)
 .ARM.attributes
                0x000000000000046d       0x1e C:/ST/STM32CubeIDE_1.11.2/STM32CubeIDE/plugins/com.st.stm32cube.ide.mcu.externaltools.gnu-tools-for-stm32.11.3.rel1.win32_1.1.100.202309141235/tools/bin/../lib/gcc/arm-none-eabi/11.3.1/thumb/v7e-m+fp/hard\libgcc.a(_dvmd_tls.o)
 .ARM.attributes
                0x000000000000048b       0x1e C:/ST/STM32CubeIDE_1.11.2/STM32CubeIDE/plugins/com.st.stm32cube.ide.mcu.externaltools.gnu-tools-for-stm32.11.3.rel1.win32_1.1.100.202309141235/tools/bin/../lib/gcc/arm-none-eabi/11.3.1/thumb/v7e-m+fp/hard/crtn.o
OUTPUT(SD_Card_F4_SPI.elf elf32-littlearm)
LOAD linker stubs
LOAD C:/ST/STM32CubeIDE_1.11.2/STM32CubeIDE/plugins/com.st.stm32cube.ide.mcu.externaltools.gnu-tools-for-stm32.11.3.rel1.win32_1.1.100.202309141235/tools/bin/../lib/gcc/arm-none-eabi/11.3.1/../../../../arm-none-eabi/lib/thumb/v7e-m+fp/hard\libc.a
LOAD C:/ST/STM32CubeIDE_1.11.2/STM32CubeIDE/plugins/com.st.stm32cube.ide.mcu.externaltools.gnu-tools-for-stm32.11.3.rel1.win32_1.1.100.202309141235/tools/bin/../lib/gcc/arm-none-eabi/11.3.1/../../../../arm-none-eabi/lib/thumb/v7e-m+fp/hard\libm.a
LOAD C:/ST/STM32CubeIDE_1.11.2/STM32CubeIDE/plugins/com.st.stm32cube.ide.mcu.externaltools.gnu-tools-for-stm32.11.3.rel1.win32_1.1.100.202309141235/tools/bin/../lib/gcc/arm-none-eabi/11.3.1/thumb/v7e-m+fp/hard\libgcc.a

.comment        0x0000000000000000       0x43
 .comment       0x0000000000000000       0x43 C:/ST/STM32CubeIDE_1.11.2/STM32CubeIDE/plugins/com.st.stm32cube.ide.mcu.externaltools.gnu-tools-for-stm32.11.3.rel1.win32_1.1.100.202309141235/tools/bin/../lib/gcc/arm-none-eabi/11.3.1/thumb/v7e-m+fp/hard/crtbegin.o
                                         0x44 (size before relaxing)
 .comment       0x0000000000000043       0x44 ./Core/Src/main.o
 .comment       0x0000000000000043       0x44 ./Core/Src/stm32f4xx_hal_msp.o
 .comment       0x0000000000000043       0x44 ./Core/Src/stm32f4xx_it.o
 .comment       0x0000000000000043       0x44 ./Core/Src/system_stm32f4xx.o
 .comment       0x0000000000000043       0x44 ./Drivers/STM32F4xx_HAL_Driver/Src/stm32f4xx_hal.o
 .comment       0x0000000000000043       0x44 ./Drivers/STM32F4xx_HAL_Driver/Src/stm32f4xx_hal_cortex.o
 .comment       0x0000000000000043       0x44 ./Drivers/STM32F4xx_HAL_Driver/Src/stm32f4xx_hal_gpio.o
 .comment       0x0000000000000043       0x44 ./Drivers/STM32F4xx_HAL_Driver/Src/stm32f4xx_hal_rcc.o
 .comment       0x0000000000000043       0x44 ./Drivers/STM32F4xx_HAL_Driver/Src/stm32f4xx_hal_spi.o
 .comment       0x0000000000000043       0x44 ./FATFS/App/fatfs.o
 .comment       0x0000000000000043       0x44 ./FATFS/Target/user_diskio.o
 .comment       0x0000000000000043       0x44 ./Middlewares/Third_Party/FatFs/src/diskio.o
 .comment       0x0000000000000043       0x44 ./Middlewares/Third_Party/FatFs/src/ff.o
 .comment       0x0000000000000043       0x44 ./Middlewares/Third_Party/FatFs/src/ff_gen_drv.o
 .comment       0x0000000000000043       0x44 ./Middlewares/Third_Party/FatFs/src/option/ccsbcs.o
 .comment       0x0000000000000043       0x44 ./User_Defined/sd.o

.debug_info     0x0000000000000000     0x9f01
 .debug_info    0x0000000000000000      0xf7d ./Core/Src/main.o
 .debug_info    0x0000000000000f7d      0x90f ./Core/Src/stm32f4xx_hal_msp.o
 .debug_info    0x000000000000188c      0x13e ./Core/Src/stm32f4xx_it.o
 .debug_info    0x00000000000019ca      0x512 ./Core/Src/system_stm32f4xx.o
 .debug_info    0x0000000000001edc       0x23 ./Core/Startup/startup_stm32f407vgtx.o
 .debug_info    0x0000000000001eff      0x948 ./Drivers/STM32F4xx_HAL_Driver/Src/stm32f4xx_hal.o
 .debug_info    0x0000000000002847      0xd46 ./Drivers/STM32F4xx_HAL_Driver/Src/stm32f4xx_hal_cortex.o
 .debug_info    0x000000000000358d      0x6c3 ./Drivers/STM32F4xx_HAL_Driver/Src/stm32f4xx_hal_gpio.o
 .debug_info    0x0000000000003c50      0x8b1 ./Drivers/STM32F4xx_HAL_Driver/Src/stm32f4xx_hal_rcc.o
 .debug_info    0x0000000000004501     0x15fb ./Drivers/STM32F4xx_HAL_Driver/Src/stm32f4xx_hal_spi.o
 .debug_info    0x0000000000005afc      0x508 ./FATFS/App/fatfs.o
 .debug_info    0x0000000000006004      0x3af ./FATFS/Target/user_diskio.o
 .debug_info    0x00000000000063b3      0x3df ./Middlewares/Third_Party/FatFs/src/diskio.o
 .debug_info    0x0000000000006792     0x25ef ./Middlewares/Third_Party/FatFs/src/ff.o
 .debug_info    0x0000000000008d81      0x37f ./Middlewares/Third_Party/FatFs/src/ff_gen_drv.o
 .debug_info    0x0000000000009100      0x1b9 ./Middlewares/Third_Party/FatFs/src/option/ccsbcs.o
 .debug_info    0x00000000000092b9      0xc48 ./User_Defined/sd.o

.debug_abbrev   0x0000000000000000     0x1ec5
 .debug_abbrev  0x0000000000000000      0x2ce ./Core/Src/main.o
 .debug_abbrev  0x00000000000002ce      0x1a7 ./Core/Src/stm32f4xx_hal_msp.o
 .debug_abbrev  0x0000000000000475       0x97 ./Core/Src/stm32f4xx_it.o
 .debug_abbrev  0x000000000000050c      0x11a ./Core/Src/system_stm32f4xx.o
 .debug_abbrev  0x0000000000000626       0x12 ./Core/Startup/startup_stm32f407vgtx.o
 .debug_abbrev  0x0000000000000638      0x213 ./Drivers/STM32F4xx_HAL_Driver/Src/stm32f4xx_hal.o
 .debug_abbrev  0x000000000000084b      0x327 ./Drivers/STM32F4xx_HAL_Driver/Src/stm32f4xx_hal_cortex.o
 .debug_abbrev  0x0000000000000b72      0x1d4 ./Drivers/STM32F4xx_HAL_Driver/Src/stm32f4xx_hal_gpio.o
 .debug_abbrev  0x0000000000000d46      0x2b6 ./Drivers/STM32F4xx_HAL_Driver/Src/stm32f4xx_hal_rcc.o
 .debug_abbrev  0x0000000000000ffc      0x284 ./Drivers/STM32F4xx_HAL_Driver/Src/stm32f4xx_hal_spi.o
 .debug_abbrev  0x0000000000001280      0x15e ./FATFS/App/fatfs.o
 .debug_abbrev  0x00000000000013de      0x15a ./FATFS/Target/user_diskio.o
 .debug_abbrev  0x0000000000001538      0x181 ./Middlewares/Third_Party/FatFs/src/diskio.o
 .debug_abbrev  0x00000000000016b9      0x28a ./Middlewares/Third_Party/FatFs/src/ff.o
 .debug_abbrev  0x0000000000001943      0x19f ./Middlewares/Third_Party/FatFs/src/ff_gen_drv.o
 .debug_abbrev  0x0000000000001ae2       0xde ./Middlewares/Third_Party/FatFs/src/option/ccsbcs.o
 .debug_abbrev  0x0000000000001bc0      0x305 ./User_Defined/sd.o

.debug_aranges  0x0000000000000000      0x9d0
 .debug_aranges
                0x0000000000000000       0x40 ./Core/Src/main.o
 .debug_aranges
                0x0000000000000040       0x30 ./Core/Src/stm32f4xx_hal_msp.o
 .debug_aranges
                0x0000000000000070       0x60 ./Core/Src/stm32f4xx_it.o
 .debug_aranges
                0x00000000000000d0       0x28 ./Core/Src/system_stm32f4xx.o
 .debug_aranges
                0x00000000000000f8       0x28 ./Core/Startup/startup_stm32f407vgtx.o
 .debug_aranges
                0x0000000000000120       0xf0 ./Drivers/STM32F4xx_HAL_Driver/Src/stm32f4xx_hal.o
 .debug_aranges
                0x0000000000000210      0x118 ./Drivers/STM32F4xx_HAL_Driver/Src/stm32f4xx_hal_cortex.o
 .debug_aranges
                0x0000000000000328       0x58 ./Drivers/STM32F4xx_HAL_Driver/Src/stm32f4xx_hal_gpio.o
 .debug_aranges
                0x0000000000000380       0x88 ./Drivers/STM32F4xx_HAL_Driver/Src/stm32f4xx_hal_rcc.o
 .debug_aranges
                0x0000000000000408      0x1d0 ./Drivers/STM32F4xx_HAL_Driver/Src/stm32f4xx_hal_spi.o
 .debug_aranges
                0x00000000000005d8       0x28 ./FATFS/App/fatfs.o
 .debug_aranges
                0x0000000000000600       0x40 ./FATFS/Target/user_diskio.o
 .debug_aranges
                0x0000000000000640       0x48 ./Middlewares/Third_Party/FatFs/src/diskio.o
 .debug_aranges
                0x0000000000000688      0x230 ./Middlewares/Third_Party/FatFs/src/ff.o
 .debug_aranges
                0x00000000000008b8       0x40 ./Middlewares/Third_Party/FatFs/src/ff_gen_drv.o
 .debug_aranges
                0x00000000000008f8       0x28 ./Middlewares/Third_Party/FatFs/src/option/ccsbcs.o
 .debug_aranges
                0x0000000000000920       0xb0 ./User_Defined/sd.o

.debug_rnglists
                0x0000000000000000      0x75b
 .debug_rnglists
                0x0000000000000000       0x2d ./Core/Src/main.o
 .debug_rnglists
                0x000000000000002d       0x20 ./Core/Src/stm32f4xx_hal_msp.o
 .debug_rnglists
                0x000000000000004d       0x43 ./Core/Src/stm32f4xx_it.o
 .debug_rnglists
                0x0000000000000090       0x1a ./Core/Src/system_stm32f4xx.o
 .debug_rnglists
                0x00000000000000aa       0x19 ./Core/Startup/startup_stm32f407vgtx.o
 .debug_rnglists
                0x00000000000000c3       0xaf ./Drivers/STM32F4xx_HAL_Driver/Src/stm32f4xx_hal.o
 .debug_rnglists
                0x0000000000000172       0xce ./Drivers/STM32F4xx_HAL_Driver/Src/stm32f4xx_hal_cortex.o
 .debug_rnglists
                0x0000000000000240       0x3f ./Drivers/STM32F4xx_HAL_Driver/Src/stm32f4xx_hal_gpio.o
 .debug_rnglists
                0x000000000000027f       0x66 ./Drivers/STM32F4xx_HAL_Driver/Src/stm32f4xx_hal_rcc.o
 .debug_rnglists
                0x00000000000002e5      0x16f ./Drivers/STM32F4xx_HAL_Driver/Src/stm32f4xx_hal_spi.o
 .debug_rnglists
                0x0000000000000454       0x19 ./FATFS/App/fatfs.o
 .debug_rnglists
                0x000000000000046d       0x2b ./FATFS/Target/user_diskio.o
 .debug_rnglists
                0x0000000000000498       0x31 ./Middlewares/Third_Party/FatFs/src/diskio.o
 .debug_rnglists
                0x00000000000004c9      0x1c6 ./Middlewares/Third_Party/FatFs/src/ff.o
 .debug_rnglists
                0x000000000000068f       0x2c ./Middlewares/Third_Party/FatFs/src/ff_gen_drv.o
 .debug_rnglists
                0x00000000000006bb       0x1a ./Middlewares/Third_Party/FatFs/src/option/ccsbcs.o
 .debug_rnglists
                0x00000000000006d5       0x86 ./User_Defined/sd.o

.debug_macro    0x0000000000000000    0x217b3
 .debug_macro   0x0000000000000000      0x31c ./Core/Src/main.o
 .debug_macro   0x000000000000031c      0xaa8 ./Core/Src/main.o
 .debug_macro   0x0000000000000dc4      0x295 ./Core/Src/main.o
 .debug_macro   0x0000000000001059       0x2e ./Core/Src/main.o
 .debug_macro   0x0000000000001087       0x2f ./Core/Src/main.o
 .debug_macro   0x00000000000010b6       0x22 ./Core/Src/main.o
 .debug_macro   0x00000000000010d8       0x8e ./Core/Src/main.o
 .debug_macro   0x0000000000001166       0x51 ./Core/Src/main.o
 .debug_macro   0x00000000000011b7      0x103 ./Core/Src/main.o
 .debug_macro   0x00000000000012ba       0x6a ./Core/Src/main.o
 .debug_macro   0x0000000000001324      0x1df ./Core/Src/main.o
 .debug_macro   0x0000000000001503       0x1c ./Core/Src/main.o
 .debug_macro   0x000000000000151f       0x22 ./Core/Src/main.o
 .debug_macro   0x0000000000001541       0xd9 ./Core/Src/main.o
 .debug_macro   0x000000000000161a     0x102d ./Core/Src/main.o
 .debug_macro   0x0000000000002647      0x11f ./Core/Src/main.o
 .debug_macro   0x0000000000002766    0x15e82 ./Core/Src/main.o
 .debug_macro   0x00000000000185e8       0x6d ./Core/Src/main.o
 .debug_macro   0x0000000000018655     0x367e ./Core/Src/main.o
 .debug_macro   0x000000000001bcd3      0x174 ./Core/Src/main.o
 .debug_macro   0x000000000001be47       0x5c ./Core/Src/main.o
 .debug_macro   0x000000000001bea3      0x96b ./Core/Src/main.o
 .debug_macro   0x000000000001c80e      0x9fe ./Core/Src/main.o
 .debug_macro   0x000000000001d20c      0x115 ./Core/Src/main.o
 .debug_macro   0x000000000001d321      0x13e ./Core/Src/main.o
 .debug_macro   0x000000000001d45f       0xa5 ./Core/Src/main.o
 .debug_macro   0x000000000001d504      0x174 ./Core/Src/main.o
 .debug_macro   0x000000000001d678      0x287 ./Core/Src/main.o
 .debug_macro   0x000000000001d8ff       0x5f ./Core/Src/main.o
 .debug_macro   0x000000000001d95e      0x236 ./Core/Src/main.o
 .debug_macro   0x000000000001db94      0x12c ./Core/Src/main.o
 .debug_macro   0x000000000001dcc0      0x21e ./Core/Src/main.o
 .debug_macro   0x000000000001dede       0x2e ./Core/Src/main.o
 .debug_macro   0x000000000001df0c      0x11a ./Core/Src/main.o
 .debug_macro   0x000000000001e026       0x7e ./Core/Src/main.o
 .debug_macro   0x000000000001e0a4       0x89 ./Core/Src/main.o
 .debug_macro   0x000000000001e12d      0x225 ./Core/Src/main.o
 .debug_macro   0x000000000001e352      0x12d ./Core/Src/main.o
 .debug_macro   0x000000000001e47f       0xeb ./Core/Src/main.o
 .debug_macro   0x000000000001e56a       0x2a ./Core/Src/main.o
 .debug_macro   0x000000000001e594       0x61 ./Core/Src/main.o
 .debug_macro   0x000000000001e5f5       0x43 ./Core/Src/main.o
 .debug_macro   0x000000000001e638       0x34 ./Core/Src/main.o
 .debug_macro   0x000000000001e66c       0x16 ./Core/Src/main.o
 .debug_macro   0x000000000001e682       0x35 ./Core/Src/main.o
 .debug_macro   0x000000000001e6b7       0x16 ./Core/Src/main.o
 .debug_macro   0x000000000001e6cd       0x43 ./Core/Src/main.o
 .debug_macro   0x000000000001e710       0x34 ./Core/Src/main.o
 .debug_macro   0x000000000001e744       0x10 ./Core/Src/main.o
 .debug_macro   0x000000000001e754       0x58 ./Core/Src/main.o
 .debug_macro   0x000000000001e7ac       0x8e ./Core/Src/main.o
 .debug_macro   0x000000000001e83a       0x1c ./Core/Src/main.o
 .debug_macro   0x000000000001e856      0x177 ./Core/Src/main.o
 .debug_macro   0x000000000001e9cd      0x369 ./Core/Src/main.o
 .debug_macro   0x000000000001ed36       0x16 ./Core/Src/main.o
 .debug_macro   0x000000000001ed4c       0x29 ./Core/Src/main.o
 .debug_macro   0x000000000001ed75       0x12 ./Core/Src/main.o
 .debug_macro   0x000000000001ed87       0xe2 ./Core/Src/main.o
 .debug_macro   0x000000000001ee69       0x8e ./Core/Src/main.o
 .debug_macro   0x000000000001eef7       0x16 ./Core/Src/main.o
 .debug_macro   0x000000000001ef0d       0x20 ./Core/Src/main.o
 .debug_macro   0x000000000001ef2d       0x9a ./Core/Src/main.o
 .debug_macro   0x000000000001efc7      0x1c4 ./Core/Src/stm32f4xx_hal_msp.o
 .debug_macro   0x000000000001f18b      0x1ce ./Core/Src/stm32f4xx_it.o
 .debug_macro   0x000000000001f359      0x1ba ./Core/Src/system_stm32f4xx.o
 .debug_macro   0x000000000001f513      0x21a ./Drivers/STM32F4xx_HAL_Driver/Src/stm32f4xx_hal.o
 .debug_macro   0x000000000001f72d      0x1ba ./Drivers/STM32F4xx_HAL_Driver/Src/stm32f4xx_hal_cortex.o
 .debug_macro   0x000000000001f8e7      0x1c0 ./Drivers/STM32F4xx_HAL_Driver/Src/stm32f4xx_hal_gpio.o
 .debug_macro   0x000000000001faa7      0x1de ./Drivers/STM32F4xx_HAL_Driver/Src/stm32f4xx_hal_rcc.o
 .debug_macro   0x000000000001fc85      0x1c9 ./Drivers/STM32F4xx_HAL_Driver/Src/stm32f4xx_hal_spi.o
 .debug_macro   0x000000000001fe4e      0x2e9 ./FATFS/App/fatfs.o
 .debug_macro   0x0000000000020137       0xe5 ./FATFS/App/fatfs.o
 .debug_macro   0x000000000002021c      0x306 ./FATFS/Target/user_diskio.o
 .debug_macro   0x0000000000020522       0x10 ./FATFS/Target/user_diskio.o
 .debug_macro   0x0000000000020532       0x16 ./FATFS/Target/user_diskio.o
 .debug_macro   0x0000000000020548       0x7c ./FATFS/Target/user_diskio.o
 .debug_macro   0x00000000000205c4       0x56 ./FATFS/Target/user_diskio.o
 .debug_macro   0x000000000002061a      0x2d6 ./Middlewares/Third_Party/FatFs/src/diskio.o
 .debug_macro   0x00000000000208f0      0x6e4 ./Middlewares/Third_Party/FatFs/src/ff.o
 .debug_macro   0x0000000000020fd4       0x58 ./Middlewares/Third_Party/FatFs/src/ff.o
 .debug_macro   0x000000000002102c      0x2d6 ./Middlewares/Third_Party/FatFs/src/ff_gen_drv.o
 .debug_macro   0x0000000000021302      0x2c4 ./Middlewares/Third_Party/FatFs/src/option/ccsbcs.o
 .debug_macro   0x00000000000215c6      0x1ed ./User_Defined/sd.o

.debug_line     0x0000000000000000     0xe96b
 .debug_line    0x0000000000000000      0xabd ./Core/Src/main.o
 .debug_line    0x0000000000000abd      0x76a ./Core/Src/stm32f4xx_hal_msp.o
 .debug_line    0x0000000000001227      0x7f1 ./Core/Src/stm32f4xx_it.o
 .debug_line    0x0000000000001a18      0x79e ./Core/Src/system_stm32f4xx.o
 .debug_line    0x00000000000021b6       0x7a ./Core/Startup/startup_stm32f407vgtx.o
 .debug_line    0x0000000000002230      0xa04 ./Drivers/STM32F4xx_HAL_Driver/Src/stm32f4xx_hal.o
 .debug_line    0x0000000000002c34      0xcb3 ./Drivers/STM32F4xx_HAL_Driver/Src/stm32f4xx_hal_cortex.o
 .debug_line    0x00000000000038e7      0xb78 ./Drivers/STM32F4xx_HAL_Driver/Src/stm32f4xx_hal_gpio.o
 .debug_line    0x000000000000445f      0xd7b ./Drivers/STM32F4xx_HAL_Driver/Src/stm32f4xx_hal_rcc.o
 .debug_line    0x00000000000051da     0x1c95 ./Drivers/STM32F4xx_HAL_Driver/Src/stm32f4xx_hal_spi.o
 .debug_line    0x0000000000006e6f      0x90d ./FATFS/App/fatfs.o
 .debug_line    0x000000000000777c      0x963 ./FATFS/Target/user_diskio.o
 .debug_line    0x00000000000080df      0x97c ./Middlewares/Third_Party/FatFs/src/diskio.o
 .debug_line    0x0000000000008a5b     0x3d57 ./Middlewares/Third_Party/FatFs/src/ff.o
 .debug_line    0x000000000000c7b2      0x99a ./Middlewares/Third_Party/FatFs/src/ff_gen_drv.o
 .debug_line    0x000000000000d14c      0x9dc ./Middlewares/Third_Party/FatFs/src/option/ccsbcs.o
 .debug_line    0x000000000000db28      0xe43 ./User_Defined/sd.o

.debug_str      0x0000000000000000    0xc2d9b
 .debug_str     0x0000000000000000    0xbff98 ./Core/Src/main.o
                                      0xc02bb (size before relaxing)
 .debug_str     0x00000000000bff98       0x63 ./Core/Src/stm32f4xx_hal_msp.o
                                      0xbc4ba (size before relaxing)
 .debug_str     0x00000000000bfffb       0xd7 ./Core/Src/stm32f4xx_it.o
                                      0xbbf67 (size before relaxing)
 .debug_str     0x00000000000c00d2       0xdb ./Core/Src/system_stm32f4xx.o
                                      0xbc06f (size before relaxing)
 .debug_str     0x00000000000c01ad       0x34 ./Core/Startup/startup_stm32f407vgtx.o
                                         0x6d (size before relaxing)
 .debug_str     0x00000000000c01e1      0xaf3 ./Drivers/STM32F4xx_HAL_Driver/Src/stm32f4xx_hal.o
                                      0xbcbf3 (size before relaxing)
 .debug_str     0x00000000000c0cd4      0x354 ./Drivers/STM32F4xx_HAL_Driver/Src/stm32f4xx_hal_cortex.o
                                      0xbc926 (size before relaxing)
 .debug_str     0x00000000000c1028      0x121 ./Drivers/STM32F4xx_HAL_Driver/Src/stm32f4xx_hal_gpio.o
                                      0xbc1ea (size before relaxing)
 .debug_str     0x00000000000c1149      0x233 ./Drivers/STM32F4xx_HAL_Driver/Src/stm32f4xx_hal_rcc.o
                                      0xbc4a3 (size before relaxing)
 .debug_str     0x00000000000c137c      0x59d ./Drivers/STM32F4xx_HAL_Driver/Src/stm32f4xx_hal_spi.o
                                      0xbc933 (size before relaxing)
 .debug_str     0x00000000000c1919       0xb5 ./FATFS/App/fatfs.o
                                      0xbf869 (size before relaxing)
 .debug_str     0x00000000000c19ce       0xb6 ./FATFS/Target/user_diskio.o
                                      0xbf81f (size before relaxing)
 .debug_str     0x00000000000c1a84       0x52 ./Middlewares/Third_Party/FatFs/src/diskio.o
                                      0xbf765 (size before relaxing)
 .debug_str     0x00000000000c1ad6     0x10eb ./Middlewares/Third_Party/FatFs/src/ff.o
                                      0xc0a6c (size before relaxing)
 .debug_str     0x00000000000c2bc1       0x91 ./Middlewares/Third_Party/FatFs/src/ff_gen_drv.o
                                      0xbf7b6 (size before relaxing)
 .debug_str     0x00000000000c2c52       0x49 ./Middlewares/Third_Party/FatFs/src/option/ccsbcs.o
                                      0xbf53a (size before relaxing)
 .debug_str     0x00000000000c2c9b      0x100 ./User_Defined/sd.o
                                      0xbc87f (size before relaxing)

.debug_frame    0x0000000000000000     0x2678
 .debug_frame   0x0000000000000000       0xa8 ./Core/Src/main.o
 .debug_frame   0x00000000000000a8       0x80 ./Core/Src/stm32f4xx_hal_msp.o
 .debug_frame   0x0000000000000128      0x104 ./Core/Src/stm32f4xx_it.o
 .debug_frame   0x000000000000022c       0x58 ./Core/Src/system_stm32f4xx.o
 .debug_frame   0x0000000000000284      0x374 ./Drivers/STM32F4xx_HAL_Driver/Src/stm32f4xx_hal.o
 .debug_frame   0x00000000000005f8      0x498 ./Drivers/STM32F4xx_HAL_Driver/Src/stm32f4xx_hal_cortex.o
 .debug_frame   0x0000000000000a90      0x14c ./Drivers/STM32F4xx_HAL_Driver/Src/stm32f4xx_hal_gpio.o
 .debug_frame   0x0000000000000bdc      0x1f4 ./Drivers/STM32F4xx_HAL_Driver/Src/stm32f4xx_hal_rcc.o
 .debug_frame   0x0000000000000dd0      0x824 ./Drivers/STM32F4xx_HAL_Driver/Src/stm32f4xx_hal_spi.o
 .debug_frame   0x00000000000015f4       0x4c ./FATFS/App/fatfs.o
 .debug_frame   0x0000000000001640       0xc4 ./FATFS/Target/user_diskio.o
 .debug_frame   0x0000000000001704       0xec ./Middlewares/Third_Party/FatFs/src/diskio.o
 .debug_frame   0x00000000000017f0      0xa0c ./Middlewares/Third_Party/FatFs/src/ff.o
 .debug_frame   0x00000000000021fc       0xc8 ./Middlewares/Third_Party/FatFs/src/ff_gen_drv.o
 .debug_frame   0x00000000000022c4       0x60 ./Middlewares/Third_Party/FatFs/src/option/ccsbcs.o
 .debug_frame   0x0000000000002324      0x2a8 ./User_Defined/sd.o
 .debug_frame   0x00000000000025cc       0x20 C:/ST/STM32CubeIDE_1.11.2/STM32CubeIDE/plugins/com.st.stm32cube.ide.mcu.externaltools.gnu-tools-for-stm32.11.3.rel1.win32_1.1.100.202309141235/tools/bin/../lib/gcc/arm-none-eabi/11.3.1/../../../../arm-none-eabi/lib/thumb/v7e-m+fp/hard\libc_nano.a(libc_a-memset.o)
 .debug_frame   0x00000000000025ec       0x2c C:/ST/STM32CubeIDE_1.11.2/STM32CubeIDE/plugins/com.st.stm32cube.ide.mcu.externaltools.gnu-tools-for-stm32.11.3.rel1.win32_1.1.100.202309141235/tools/bin/../lib/gcc/arm-none-eabi/11.3.1/../../../../arm-none-eabi/lib/thumb/v7e-m+fp/hard\libc_nano.a(libc_a-init.o)
 .debug_frame   0x0000000000002618       0x2c C:/ST/STM32CubeIDE_1.11.2/STM32CubeIDE/plugins/com.st.stm32cube.ide.mcu.externaltools.gnu-tools-for-stm32.11.3.rel1.win32_1.1.100.202309141235/tools/bin/../lib/gcc/arm-none-eabi/11.3.1/thumb/v7e-m+fp/hard\libgcc.a(_aeabi_uldivmod.o)
 .debug_frame   0x0000000000002644       0x34 C:/ST/STM32CubeIDE_1.11.2/STM32CubeIDE/plugins/com.st.stm32cube.ide.mcu.externaltools.gnu-tools-for-stm32.11.3.rel1.win32_1.1.100.202309141235/tools/bin/../lib/gcc/arm-none-eabi/11.3.1/thumb/v7e-m+fp/hard\libgcc.a(_udivmoddi4.o)

.debug_line_str
                0x0000000000000000       0x61
 .debug_line_str
                0x0000000000000000       0x61 ./Core/Startup/startup_stm32f407vgtx.o
                                         0x79 (size before relaxing)
