../Core/Src/main.c:79:5:main	8	static
../Core/Src/main.c:142:6:SystemClock_Config	88	static
../Core/Src/main.c:188:13:MX_TIM1_Init	96	static
../Core/Src/main.c:263:13:MX_TIM2_Init	64	static
../Core/Src/main.c:322:13:MX_TIM3_Init	64	static
../Core/Src/main.c:381:13:MX_TIM4_Init	48	static
../Core/Src/main.c:447:13:MX_TIM8_Init	96	static
../Core/Src/main.c:522:13:MX_TIM9_Init	56	static
../Core/Src/main.c:574:13:MX_TIM12_Init	56	static
../Core/Src/main.c:626:13:MX_GPIO_Init	56	static
../Core/Src/main.c:682:6:Error_Handler	4	static,ignoring_inline_asm
