../User_Defined/sd.c:21:13:SELECT	8	static
../User_Defined/sd.c:28:13:DESELECT	8	static
../User_Defined/sd.c:35:13:SPI_TxByte	16	static
../User_Defined/sd.c:42:13:SPI_TxBuffer	16	static
../User_Defined/sd.c:49:16:SPI_RxByte	24	static
../User_Defined/sd.c:61:13:SPI_RxBytePtr	16	static
../User_Defined/sd.c:72:16:SD_ReadyWait	16	static
../User_Defined/sd.c:88:13:SD_PowerOn	24	static
../User_Defined/sd.c:126:13:SD_PowerOff	4	static
../User_Defined/sd.c:132:16:SD_CheckPower	4	static
../User_Defined/sd.c:138:13:SD_RxDataBlock	24	static
../User_Defined/sd.c:167:13:SD_TxDataBlock	24	static
../User_Defined/sd.c:209:13:SD_SendCmd	24	static
../User_Defined/sd.c:248:9:SD_disk_initialize	32	static
../User_Defined/sd.c:348:9:SD_disk_status	16	static
../User_Defined/sd.c:355:9:SD_disk_read	24	static
../User_Defined/sd.c:397:9:SD_disk_write	24	static
../User_Defined/sd.c:452:9:SD_disk_ioctl	56	static
../User_Defined/sd.c:549:6:SD_Card_Init	8	static
