Archive member included to satisfy reference by file (symbol)

c:/st/stm32cubeide_1.11.2/stm32cubeide/plugins/com.st.stm32cube.ide.mcu.externaltools.gnu-tools-for-stm32.10.3-2021.10.win32_1.0.100.202210260954/tools/bin/../lib/gcc/arm-none-eabi/10.3.1/../../../../arm-none-eabi/lib/thumb/v7e-m+fp/hard\libc_nano.a(lib_a-errno.o)
                              ./Core/Src/syscalls.o (__errno)
c:/st/stm32cubeide_1.11.2/stm32cubeide/plugins/com.st.stm32cube.ide.mcu.externaltools.gnu-tools-for-stm32.10.3-2021.10.win32_1.0.100.202210260954/tools/bin/../lib/gcc/arm-none-eabi/10.3.1/../../../../arm-none-eabi/lib/thumb/v7e-m+fp/hard\libc_nano.a(lib_a-exit.o)
                              c:/st/stm32cubeide_1.11.2/stm32cubeide/plugins/com.st.stm32cube.ide.mcu.externaltools.gnu-tools-for-stm32.10.3-2021.10.win32_1.0.100.202210260954/tools/bin/../lib/gcc/arm-none-eabi/10.3.1/../../../../arm-none-eabi/lib/thumb/v7e-m+fp/hard/crt0.o (exit)
c:/st/stm32cubeide_1.11.2/stm32cubeide/plugins/com.st.stm32cube.ide.mcu.externaltools.gnu-tools-for-stm32.10.3-2021.10.win32_1.0.100.202210260954/tools/bin/../lib/gcc/arm-none-eabi/10.3.1/../../../../arm-none-eabi/lib/thumb/v7e-m+fp/hard\libc_nano.a(lib_a-impure.o)
                              c:/st/stm32cubeide_1.11.2/stm32cubeide/plugins/com.st.stm32cube.ide.mcu.externaltools.gnu-tools-for-stm32.10.3-2021.10.win32_1.0.100.202210260954/tools/bin/../lib/gcc/arm-none-eabi/10.3.1/../../../../arm-none-eabi/lib/thumb/v7e-m+fp/hard\libc_nano.a(lib_a-exit.o) (_global_impure_ptr)
c:/st/stm32cubeide_1.11.2/stm32cubeide/plugins/com.st.stm32cube.ide.mcu.externaltools.gnu-tools-for-stm32.10.3-2021.10.win32_1.0.100.202210260954/tools/bin/../lib/gcc/arm-none-eabi/10.3.1/../../../../arm-none-eabi/lib/thumb/v7e-m+fp/hard\libc_nano.a(lib_a-init.o)
                              c:/st/stm32cubeide_1.11.2/stm32cubeide/plugins/com.st.stm32cube.ide.mcu.externaltools.gnu-tools-for-stm32.10.3-2021.10.win32_1.0.100.202210260954/tools/bin/../lib/gcc/arm-none-eabi/10.3.1/../../../../arm-none-eabi/lib/thumb/v7e-m+fp/hard/crt0.o (__libc_init_array)
c:/st/stm32cubeide_1.11.2/stm32cubeide/plugins/com.st.stm32cube.ide.mcu.externaltools.gnu-tools-for-stm32.10.3-2021.10.win32_1.0.100.202210260954/tools/bin/../lib/gcc/arm-none-eabi/10.3.1/../../../../arm-none-eabi/lib/thumb/v7e-m+fp/hard\libc_nano.a(lib_a-memset.o)
                              c:/st/stm32cubeide_1.11.2/stm32cubeide/plugins/com.st.stm32cube.ide.mcu.externaltools.gnu-tools-for-stm32.10.3-2021.10.win32_1.0.100.202210260954/tools/bin/../lib/gcc/arm-none-eabi/10.3.1/../../../../arm-none-eabi/lib/thumb/v7e-m+fp/hard/crt0.o (memset)
c:/st/stm32cubeide_1.11.2/stm32cubeide/plugins/com.st.stm32cube.ide.mcu.externaltools.gnu-tools-for-stm32.10.3-2021.10.win32_1.0.100.202210260954/tools/bin/../lib/gcc/arm-none-eabi/10.3.1/thumb/v7e-m+fp/hard\libgcc.a(_arm_muldf3.o)
                              ./Core/Src/main.o (__aeabi_dmul)
c:/st/stm32cubeide_1.11.2/stm32cubeide/plugins/com.st.stm32cube.ide.mcu.externaltools.gnu-tools-for-stm32.10.3-2021.10.win32_1.0.100.202210260954/tools/bin/../lib/gcc/arm-none-eabi/10.3.1/thumb/v7e-m+fp/hard\libgcc.a(_arm_addsubdf3.o)
                              ./Core/Src/main.o (__aeabi_ui2d)
c:/st/stm32cubeide_1.11.2/stm32cubeide/plugins/com.st.stm32cube.ide.mcu.externaltools.gnu-tools-for-stm32.10.3-2021.10.win32_1.0.100.202210260954/tools/bin/../lib/gcc/arm-none-eabi/10.3.1/thumb/v7e-m+fp/hard\libgcc.a(_arm_fixunsdfsi.o)
                              ./Core/Src/main.o (__aeabi_d2uiz)

Discarded input sections

 .text          0x0000000000000000        0x0 c:/st/stm32cubeide_1.11.2/stm32cubeide/plugins/com.st.stm32cube.ide.mcu.externaltools.gnu-tools-for-stm32.10.3-2021.10.win32_1.0.100.202210260954/tools/bin/../lib/gcc/arm-none-eabi/10.3.1/thumb/v7e-m+fp/hard/crti.o
 .data          0x0000000000000000        0x0 c:/st/stm32cubeide_1.11.2/stm32cubeide/plugins/com.st.stm32cube.ide.mcu.externaltools.gnu-tools-for-stm32.10.3-2021.10.win32_1.0.100.202210260954/tools/bin/../lib/gcc/arm-none-eabi/10.3.1/thumb/v7e-m+fp/hard/crti.o
 .bss           0x0000000000000000        0x0 c:/st/stm32cubeide_1.11.2/stm32cubeide/plugins/com.st.stm32cube.ide.mcu.externaltools.gnu-tools-for-stm32.10.3-2021.10.win32_1.0.100.202210260954/tools/bin/../lib/gcc/arm-none-eabi/10.3.1/thumb/v7e-m+fp/hard/crti.o
 .data          0x0000000000000000        0x4 c:/st/stm32cubeide_1.11.2/stm32cubeide/plugins/com.st.stm32cube.ide.mcu.externaltools.gnu-tools-for-stm32.10.3-2021.10.win32_1.0.100.202210260954/tools/bin/../lib/gcc/arm-none-eabi/10.3.1/thumb/v7e-m+fp/hard/crtbegin.o
 .rodata        0x0000000000000000       0x24 c:/st/stm32cubeide_1.11.2/stm32cubeide/plugins/com.st.stm32cube.ide.mcu.externaltools.gnu-tools-for-stm32.10.3-2021.10.win32_1.0.100.202210260954/tools/bin/../lib/gcc/arm-none-eabi/10.3.1/thumb/v7e-m+fp/hard/crtbegin.o
[...]
Memory Configuration

Name             Origin             Length             Attributes
RAM              0x0000000020000000 0x000000000000a000 xrw
RAM2             0x0000000010000000 0x0000000000002000 xrw
FLASH            0x0000000008000000 0x0000000000020000 xr
*default*        0x0000000000000000 0xffffffffffffffff

Linker script and memory map

LOAD c:/st/stm32cubeide_1.11.2/stm32cubeide/plugins/com.st.stm32cube.ide.mcu.externaltools.gnu-tools-for-stm32.10.3-2021.10.win32_1.0.100.202210260954/tools/bin/../lib/gcc/arm-none-eabi/10.3.1/thumb/v7e-m+fp/hard/crti.o
LOAD c:/st/stm32cubeide_1.11.2/stm32cubeide/plugins/com.st.stm32cube.ide.mcu.externaltools.gnu-tools-for-stm32.10.3-2021.10.win32_1.0.100.202210260954/tools/bin/../lib/gcc/arm-none-eabi/10.3.1/thumb/v7e-m+fp/hard/crtbegin.o
LOAD c:/st/stm32cubeide_1.11.2/stm32cubeide/plugins/com.st.stm32cube.ide.mcu.externaltools.gnu-tools-for-stm32.10.3-2021.10.win32_1.0.100.202210260954/tools/bin/../lib/gcc/arm-none-eabi/10.3.1/../../../../arm-none-eabi/lib/thumb/v7e-m+fp/hard/crt0.o
LOAD ./Core/Src/main.o
LOAD ./Core/Src/stm32l4xx_hal_msp.o
LOAD ./Core/Src/stm32l4xx_it.o
LOAD ./Core/Src/syscalls.o
LOAD ./Core/Src/sysmem.o
LOAD ./Core/Src/system_stm32l4xx.o
LOAD ./Core/Startup/startup_stm32l412rbtxp.o
LOAD ./Drivers/STM32L4xx_HAL_Driver/Src/stm32l4xx_hal.o
LOAD ./Drivers/STM32L4xx_HAL_Driver/Src/stm32l4xx_hal_cortex.o
LOAD ./Drivers/STM32L4xx_HAL_Driver/Src/stm32l4xx_hal_dma.o
LOAD ./Drivers/STM32L4xx_HAL_Driver/Src/stm32l4xx_hal_dma_ex.o
LOAD ./Drivers/STM32L4xx_HAL_Driver/Src/stm32l4xx_hal_exti.o
LOAD ./Drivers/STM32L4xx_HAL_Driver/Src/stm32l4xx_hal_flash.o
LOAD ./Drivers/STM32L4xx_HAL_Driver/Src/stm32l4xx_hal_flash_ex.o
LOAD ./Drivers/STM32L4xx_HAL_Driver/Src/stm32l4xx_hal_flash_ramfunc.o
LOAD ./Drivers/STM32L4xx_HAL_Driver/Src/stm32l4xx_hal_gpio.o
LOAD ./Drivers/STM32L4xx_HAL_Driver/Src/stm32l4xx_hal_i2c.o
LOAD ./Drivers/STM32L4xx_HAL_Driver/Src/stm32l4xx_hal_i2c_ex.o
LOAD ./Drivers/STM32L4xx_HAL_Driver/Src/stm32l4xx_hal_pwr.o
LOAD ./Drivers/STM32L4xx_HAL_Driver/Src/stm32l4xx_hal_pwr_ex.o
LOAD ./Drivers/STM32L4xx_HAL_Driver/Src/stm32l4xx_hal_rcc.o
LOAD ./Drivers/STM32L4xx_HAL_Driver/Src/stm32l4xx_hal_rcc_ex.o
LOAD ./Drivers/STM32L4xx_HAL_Driver/Src/stm32l4xx_hal_spi.o
LOAD ./Drivers/STM32L4xx_HAL_Driver/Src/stm32l4xx_hal_spi_ex.o
LOAD ./Drivers/STM32L4xx_HAL_Driver/Src/stm32l4xx_hal_tim.o
LOAD ./Drivers/STM32L4xx_HAL_Driver/Src/stm32l4xx_hal_tim_ex.o
LOAD ./FATFS/App/fatfs.o
LOAD ./FATFS/Target/user_diskio.o
LOAD ./Middlewares/Third_Party/FatFs/src/diskio.o
LOAD ./Middlewares/Third_Party/FatFs/src/ff.o
LOAD ./Middlewares/Third_Party/FatFs/src/ff_gen_drv.o
LOAD ./Middlewares/Third_Party/FatFs/src/option/ccsbcs.o
LOAD ./Middlewares/Third_Party/FatFs/src/option/syscall.o
LOAD ./User_Defined/sd.o
START GROUP
LOAD c:/st/stm32cubeide_1.11.2/stm32cubeide/plugins/com.st.stm32cube.ide.mcu.externaltools.gnu-tools-for-stm32.10.3-2021.10.win32_1.0.100.202210260954/tools/bin/../lib/gcc/arm-none-eabi/10.3.1/../../../../arm-none-eabi/lib/thumb/v7e-m+fp/hard\libc_nano.a
LOAD c:/st/stm32cubeide_1.11.2/stm32cubeide/plugins/com.st.stm32cube.ide.mcu.externaltools.gnu-tools-for-stm32.10.3-2021.10.win32_1.0.100.202210260954/tools/bin/../lib/gcc/arm-none-eabi/10.3.1/../../../../arm-none-eabi/lib/thumb/v7e-m+fp/hard\libm.a
END GROUP
START GROUP
LOAD c:/st/stm32cubeide_1.11.2/stm32cubeide/plugins/com.st.stm32cube.ide.mcu.externaltools.gnu-tools-for-stm32.10.3-2021.10.win32_1.0.100.202210260954/tools/bin/../lib/gcc/arm-none-eabi/10.3.1/thumb/v7e-m+fp/hard\libgcc.a
LOAD c:/st/stm32cubeide_1.11.2/stm32cubeide/plugins/com.st.stm32cube.ide.mcu.externaltools.gnu-tools-for-stm32.10.3-2021.10.win32_1.0.100.202210260954/tools/bin/../lib/gcc/arm-none-eabi/10.3.1/../../../../arm-none-eabi/lib/thumb/v7e-m+fp/hard\libc_nano.a
END GROUP
START GROUP
LOAD c:/st/stm32cubeide_1.11.2/stm32cubeide/plugins/com.st.stm32cube.ide.mcu.externaltools.gnu-tools-for-stm32.10.3-2021.10.win32_1.0.100.202210260954/tools/bin/../lib/gcc/arm-none-eabi/10.3.1/thumb/v7e-m+fp/hard\libgcc.a
LOAD c:/st/stm32cubeide_1.11.2/stm32cubeide/plugins/com.st.stm32cube.ide.mcu.externaltools.gnu-tools-for-stm32.10.3-2021.10.win32_1.0.100.202210260954/tools/bin/../lib/gcc/arm-none-eabi/10.3.1/../../../../arm-none-eabi/lib/thumb/v7e-m+fp/hard\libc_nano.a
LOAD c:/st/stm32cubeide_1.11.2/stm32cubeide/plugins/com.st.stm32cube.ide.mcu.externaltools.gnu-tools-for-stm32.10.3-2021.10.win32_1.0.100.202210260954/tools/bin/../lib/gcc/arm-none-eabi/10.3.1/../../../../arm-none-eabi/lib/thumb/v7e-m+fp/hard\libnosys.a
END GROUP
START GROUP
LOAD c:/st/stm32cubeide_1.11.2/stm32cubeide/plugins/com.st.stm32cube.ide.mcu.externaltools.gnu-tools-for-stm32.10.3-2021.10.win32_1.0.100.202210260954/tools/bin/../lib/gcc/arm-none-eabi/10.3.1/thumb/v7e-m+fp/hard\libgcc.a
LOAD c:/st/stm32cubeide_1.11.2/stm32cubeide/plugins/com.st.stm32cube.ide.mcu.externaltools.gnu-tools-for-stm32.10.3-2021.10.win32_1.0.100.202210260954/tools/bin/../lib/gcc/arm-none-eabi/10.3.1/../../../../arm-none-eabi/lib/thumb/v7e-m+fp/hard\libc_nano.a
LOAD c:/st/stm32cubeide_1.11.2/stm32cubeide/plugins/com.st.stm32cube.ide.mcu.externaltools.gnu-tools-for-stm32.10.3-2021.10.win32_1.0.100.202210260954/tools/bin/../lib/gcc/arm-none-eabi/10.3.1/../../../../arm-none-eabi/lib/thumb/v7e-m+fp/hard\libnosys.a
END GROUP
LOAD c:/st/stm32cubeide_1.11.2/stm32cubeide/plugins/com.st.stm32cube.ide.mcu.externaltools.gnu-tools-for-stm32.10.3-2021.10.win32_1.0.100.202210260954/tools/bin/../lib/gcc/arm-none-eabi/10.3.1/thumb/v7e-m+fp/hard/crtend.o
LOAD c:/st/stm32cubeide_1.11.2/stm32cubeide/plugins/com.st.stm32cube.ide.mcu.externaltools.gnu-tools-for-stm32.10.3-2021.10.win32_1.0.100.202210260954/tools/bin/../lib/gcc/arm-none-eabi/10.3.1/thumb/v7e-m+fp/hard/crtn.o
                0x000000002000a000                _estack = (ORIGIN (RAM) + LENGTH (RAM))
                0x0000000000000200                _Min_Heap_Size = 0x200
                0x0000000000000400                _Min_Stack_Size = 0x400

.isr_vector     0x0000000008000000      0x18c
                0x0000000008000000                . = ALIGN (0x4)
 *(.isr_vector)
 .isr_vector    0x0000000008000000      0x18c ./Core/Startup/startup_stm32l412rbtxp.o
                0x0000000008000000                g_pfnVectors
                0x000000000800018c                . = ALIGN (0x4)

.text           0x000000000800018c     0x67a4
                0x000000000800018c                . = ALIGN (0x4)
 *(.text)
 .text          0x000000000800018c       0x40 c:/st/stm32cubeide_1.11.2/stm32cubeide/plugins/com.st.stm32cube.ide.mcu.externaltools.gnu-tools-for-stm32.10.3-2021.10.win32_1.0.100.202210260954/tools/bin/../lib/gcc/arm-none-eabi/10.3.1/thumb/v7e-m+fp/hard/crtbegin.o
 .text          0x00000000080001cc      0x254 c:/st/stm32cubeide_1.11.2/stm32cubeide/plugins/com.st.stm32cube.ide.mcu.externaltools.gnu-tools-for-stm32.10.3-2021.10.win32_1.0.100.202210260954/tools/bin/../lib/gcc/arm-none-eabi/10.3.1/thumb/v7e-m+fp/hard\libgcc.a(_arm_muldf3.o)
                0x00000000080001cc                __muldf3
                0x00000000080001cc                __aeabi_dmul
 .text          0x0000000008000420      0x378 c:/st/stm32cubeide_1.11.2/stm32cubeide/plugins/com.st.stm32cube.ide.mcu.externaltools.gnu-tools-for-stm32.10.3-2021.10.win32_1.0.100.202210260954/tools/bin/../lib/gcc/arm-none-eabi/10.3.1/thumb/v7e-m+fp/hard\libgcc.a(_arm_addsubdf3.o)
                0x0000000008000420                __aeabi_drsub
                0x0000000008000428                __aeabi_dsub
                0x0000000008000428                __subdf3
                0x000000000800042c                __aeabi_dadd
                0x000000000800042c                __adddf3
                0x00000000080006a4                __floatunsidf
                0x00000000080006a4                __aeabi_ui2d
                0x00000000080006c4                __floatsidf
                0x00000000080006c4                __aeabi_i2d
                0x00000000080006e8                __aeabi_f2d
                0x00000000080006e8                __extendsfdf2
                0x000000000800072c                __floatundidf
                0x000000000800072c                __aeabi_ul2d
                0x000000000800073c                __floatdidf
                0x000000000800073c                __aeabi_l2d
 .text          0x0000000008000798       0x40 c:/st/stm32cubeide_1.11.2/stm32cubeide/plugins/com.st.stm32cube.ide.mcu.externaltools.gnu-tools-for-stm32.10.3-2021.10.win32_1.0.100.202210260954/tools/bin/../lib/gcc/arm-none-eabi/10.3.1/thumb/v7e-m+fp/hard\libgcc.a(_arm_fixunsdfsi.o)
                0x0000000008000798                __aeabi_d2uiz
                0x0000000008000798                __fixunsdfsi
 *(.text*)
 .text.main     0x00000000080007d8      0x188 ./Core/Src/main.o
                0x00000000080007d8                main
 .text.SystemClock_Config
                0x0000000008000960       0x9a ./Core/Src/main.o
                0x0000000008000960                SystemClock_Config
 *fill*         0x00000000080009fa        0x2 
 .text.MX_SPI1_Init
                0x00000000080009fc       0x7c ./Core/Src/main.o
 .text.MX_GPIO_Init
                0x0000000008000a78       0x94 ./Core/Src/main.o
 .text._Error_Handler
                0x0000000008000b0c       0x16 ./Core/Src/main.o
                0x0000000008000b0c                _Error_Handler
 .text.Error_Handler
                0x0000000008000b22        0xa ./Core/Src/main.o
                0x0000000008000b22                Error_Handler
 .text.HAL_MspInit
                0x0000000008000b2c       0x48 ./Core/Src/stm32l4xx_hal_msp.o
                0x0000000008000b2c                HAL_MspInit
 .text.HAL_SPI_MspInit
                0x0000000008000b74       0x84 ./Core/Src/stm32l4xx_hal_msp.o
                0x0000000008000b74                HAL_SPI_MspInit
 .text.SDTimer_Handler
                0x0000000008000bf8       0x48 ./Core/Src/stm32l4xx_it.o
                0x0000000008000bf8                SDTimer_Handler
 .text.NMI_Handler
                0x0000000008000c40        0x6 ./Core/Src/stm32l4xx_it.o
                0x0000000008000c40                NMI_Handler
 .text.HardFault_Handler
                0x0000000008000c46        0x6 ./Core/Src/stm32l4xx_it.o
                0x0000000008000c46                HardFault_Handler
 .text.MemManage_Handler
                0x0000000008000c4c        0x6 ./Core/Src/stm32l4xx_it.o
                0x0000000008000c4c                MemManage_Handler
 .text.BusFault_Handler
                0x0000000008000c52        0x6 ./Core/Src/stm32l4xx_it.o
                0x0000000008000c52                BusFault_Handler
 .text.UsageFault_Handler
                0x0000000008000c58        0x6 ./Core/Src/stm32l4xx_it.o
                0x0000000008000c58                UsageFault_Handler
 .text.SVC_Handler
                0x0000000008000c5e        0xe ./Core/Src/stm32l4xx_it.o
                0x0000000008000c5e                SVC_Handler
 .text.DebugMon_Handler
                0x0000000008000c6c        0xe ./Core/Src/stm32l4xx_it.o
                0x0000000008000c6c                DebugMon_Handler
 .text.PendSV_Handler
                0x0000000008000c7a        0xe ./Core/Src/stm32l4xx_it.o
                0x0000000008000c7a                PendSV_Handler
 .text.SysTick_Handler
                0x0000000008000c88       0x38 ./Core/Src/stm32l4xx_it.o
                0x0000000008000c88                SysTick_Handler
 .text.SystemInit
                0x0000000008000cc0       0x24 ./Core/Src/system_stm32l4xx.o
                0x0000000008000cc0                SystemInit
 .text.Reset_Handler
                0x0000000008000ce4       0x50 ./Core/Startup/startup_stm32l412rbtxp.o
                0x0000000008000ce4                Reset_Handler
 .text.Default_Handler
                0x0000000008000d34        0x2 ./Core/Startup/startup_stm32l412rbtxp.o
                0x0000000008000d34                RTC_Alarm_IRQHandler
                0x0000000008000d34                EXTI2_IRQHandler
                0x0000000008000d34                TIM1_CC_IRQHandler
                0x0000000008000d34                TSC_IRQHandler
                0x0000000008000d34                TIM6_IRQHandler
                0x0000000008000d34                TAMP_STAMP_IRQHandler
                0x0000000008000d34                EXTI3_IRQHandler
                0x0000000008000d34                LPTIM2_IRQHandler
                0x0000000008000d34                I2C3_ER_IRQHandler
                0x0000000008000d34                EXTI0_IRQHandler
                0x0000000008000d34                I2C2_EV_IRQHandler
                0x0000000008000d34                FPU_IRQHandler
                0x0000000008000d34                TIM1_UP_TIM16_IRQHandler
                0x0000000008000d34                ADC1_2_IRQHandler
                0x0000000008000d34                SPI1_IRQHandler
                0x0000000008000d34                DMA2_Channel2_IRQHandler
                0x0000000008000d34                DMA1_Channel4_IRQHandler
                0x0000000008000d34                USART3_IRQHandler
                0x0000000008000d34                DMA1_Channel7_IRQHandler
                0x0000000008000d34                DMA2_Channel1_IRQHandler
                0x0000000008000d34                QUADSPI_IRQHandler
                0x0000000008000d34                I2C1_EV_IRQHandler
                0x0000000008000d34                DMA1_Channel6_IRQHandler
                0x0000000008000d34                DMA2_Channel4_IRQHandler
                0x0000000008000d34                RCC_IRQHandler
                0x0000000008000d34                TIM1_TRG_COM_IRQHandler
                0x0000000008000d34                DMA1_Channel1_IRQHandler
                0x0000000008000d34                Default_Handler
                0x0000000008000d34                DMA2_Channel7_IRQHandler
                0x0000000008000d34                EXTI15_10_IRQHandler
                0x0000000008000d34                I2C3_EV_IRQHandler
                0x0000000008000d34                USB_IRQHandler
                0x0000000008000d34                EXTI9_5_IRQHandler
                0x0000000008000d34                RTC_WKUP_IRQHandler
                0x0000000008000d34                PVD_PVM_IRQHandler
                0x0000000008000d34                SPI2_IRQHandler
                0x0000000008000d34                DMA2_Channel5_IRQHandler
                0x0000000008000d34                CRS_IRQHandler
                0x0000000008000d34                DMA1_Channel5_IRQHandler
                0x0000000008000d34                EXTI4_IRQHandler
                0x0000000008000d34                RNG_IRQHandler
                0x0000000008000d34                DMA1_Channel3_IRQHandler
                0x0000000008000d34                COMP_IRQHandler
                0x0000000008000d34                WWDG_IRQHandler
                0x0000000008000d34                LPUART1_IRQHandler
                0x0000000008000d34                DMA2_Channel6_IRQHandler
                0x0000000008000d34                TIM2_IRQHandler
                0x0000000008000d34                EXTI1_IRQHandler
                0x0000000008000d34                USART2_IRQHandler
                0x0000000008000d34                I2C2_ER_IRQHandler
                0x0000000008000d34                DMA1_Channel2_IRQHandler
                0x0000000008000d34                FLASH_IRQHandler
                0x0000000008000d34                USART1_IRQHandler
                0x0000000008000d34                I2C1_ER_IRQHandler
                0x0000000008000d34                LPTIM1_IRQHandler
                0x0000000008000d34                DMA2_Channel3_IRQHandler
                0x0000000008000d34                TIM1_BRK_TIM15_IRQHandler
 .text.HAL_Init
                0x0000000008000d36       0x30 ./Drivers/STM32L4xx_HAL_Driver/Src/stm32l4xx_hal.o
                0x0000000008000d36                HAL_Init
 *fill*         0x0000000008000d66        0x2 
 .text.HAL_InitTick
                0x0000000008000d68       0x78 ./Drivers/STM32L4xx_HAL_Driver/Src/stm32l4xx_hal.o
                0x0000000008000d68                HAL_InitTick
 .text.HAL_IncTick
                0x0000000008000de0       0x28 ./Drivers/STM32L4xx_HAL_Driver/Src/stm32l4xx_hal.o
                0x0000000008000de0                HAL_IncTick
 .text.HAL_GetTick
                0x0000000008000e08       0x18 ./Drivers/STM32L4xx_HAL_Driver/Src/stm32l4xx_hal.o
                0x0000000008000e08                HAL_GetTick
 .text.__NVIC_SetPriorityGrouping
                0x0000000008000e20       0x48 ./Drivers/STM32L4xx_HAL_Driver/Src/stm32l4xx_hal_cortex.o
 .text.__NVIC_GetPriorityGrouping
                0x0000000008000e68       0x1c ./Drivers/STM32L4xx_HAL_Driver/Src/stm32l4xx_hal_cortex.o
 .text.__NVIC_SetPriority
                0x0000000008000e84       0x54 ./Drivers/STM32L4xx_HAL_Driver/Src/stm32l4xx_hal_cortex.o
 .text.NVIC_EncodePriority
                0x0000000008000ed8       0x66 ./Drivers/STM32L4xx_HAL_Driver/Src/stm32l4xx_hal_cortex.o
 *fill*         0x0000000008000f3e        0x2 
 .text.SysTick_Config
                0x0000000008000f40       0x44 ./Drivers/STM32L4xx_HAL_Driver/Src/stm32l4xx_hal_cortex.o
 .text.HAL_NVIC_SetPriorityGrouping
                0x0000000008000f84       0x16 ./Drivers/STM32L4xx_HAL_Driver/Src/stm32l4xx_hal_cortex.o
                0x0000000008000f84                HAL_NVIC_SetPriorityGrouping
 .text.HAL_NVIC_SetPriority
                0x0000000008000f9a       0x38 ./Drivers/STM32L4xx_HAL_Driver/Src/stm32l4xx_hal_cortex.o
                0x0000000008000f9a                HAL_NVIC_SetPriority
 .text.HAL_SYSTICK_Config
                0x0000000008000fd2       0x18 ./Drivers/STM32L4xx_HAL_Driver/Src/stm32l4xx_hal_cortex.o
                0x0000000008000fd2                HAL_SYSTICK_Config
 .text.HAL_SYSTICK_IRQHandler
                0x0000000008000fea        0xc ./Drivers/STM32L4xx_HAL_Driver/Src/stm32l4xx_hal_cortex.o
                0x0000000008000fea                HAL_SYSTICK_IRQHandler
 .text.HAL_SYSTICK_Callback
                0x0000000008000ff6        0xe ./Drivers/STM32L4xx_HAL_Driver/Src/stm32l4xx_hal_cortex.o
                0x0000000008000ff6                HAL_SYSTICK_Callback
 .text.HAL_GPIO_Init
                0x0000000008001004      0x2e4 ./Drivers/STM32L4xx_HAL_Driver/Src/stm32l4xx_hal_gpio.o
                0x0000000008001004                HAL_GPIO_Init
 .text.HAL_GPIO_WritePin
                0x00000000080012e8       0x30 ./Drivers/STM32L4xx_HAL_Driver/Src/stm32l4xx_hal_gpio.o
                0x00000000080012e8                HAL_GPIO_WritePin
 .text.HAL_PWREx_GetVoltageRange
                0x0000000008001318       0x1c ./Drivers/STM32L4xx_HAL_Driver/Src/stm32l4xx_hal_pwr_ex.o
                0x0000000008001318                HAL_PWREx_GetVoltageRange
 .text.HAL_PWREx_ControlVoltageScaling
                0x0000000008001334       0xac ./Drivers/STM32L4xx_HAL_Driver/Src/stm32l4xx_hal_pwr_ex.o
                0x0000000008001334                HAL_PWREx_ControlVoltageScaling
 .text.HAL_RCC_OscConfig
                0x00000000080013e0      0x8c4 ./Drivers/STM32L4xx_HAL_Driver/Src/stm32l4xx_hal_rcc.o
                0x00000000080013e0                HAL_RCC_OscConfig
 .text.HAL_RCC_ClockConfig
                0x0000000008001ca4      0x200 ./Drivers/STM32L4xx_HAL_Driver/Src/stm32l4xx_hal_rcc.o
                0x0000000008001ca4                HAL_RCC_ClockConfig
 .text.HAL_RCC_GetSysClockFreq
                0x0000000008001ea4      0x118 ./Drivers/STM32L4xx_HAL_Driver/Src/stm32l4xx_hal_rcc.o
                0x0000000008001ea4                HAL_RCC_GetSysClockFreq
 .text.RCC_SetFlashLatencyFromMSIRange
                0x0000000008001fbc       0xc0 ./Drivers/STM32L4xx_HAL_Driver/Src/stm32l4xx_hal_rcc.o
 .text.HAL_SPI_Init
                0x000000000800207c      0x146 ./Drivers/STM32L4xx_HAL_Driver/Src/stm32l4xx_hal_spi.o
                0x000000000800207c                HAL_SPI_Init
 .text.HAL_SPI_Transmit
                0x00000000080021c2      0x2dc ./Drivers/STM32L4xx_HAL_Driver/Src/stm32l4xx_hal_spi.o
                0x00000000080021c2                HAL_SPI_Transmit
 .text.HAL_SPI_TransmitReceive
                0x000000000800249e      0x426 ./Drivers/STM32L4xx_HAL_Driver/Src/stm32l4xx_hal_spi.o
                0x000000000800249e                HAL_SPI_TransmitReceive
 .text.HAL_SPI_GetState
                0x00000000080028c4       0x1c ./Drivers/STM32L4xx_HAL_Driver/Src/stm32l4xx_hal_spi.o
                0x00000000080028c4                HAL_SPI_GetState
 .text.SPI_WaitFlagStateUntilTimeout
                0x00000000080028e0      0x110 ./Drivers/STM32L4xx_HAL_Driver/Src/stm32l4xx_hal_spi.o
 .text.SPI_WaitFifoStateUntilTimeout
                0x00000000080029f0      0x12c ./Drivers/STM32L4xx_HAL_Driver/Src/stm32l4xx_hal_spi.o
 .text.SPI_EndRxTxTransaction
                0x0000000008002b1c       0x8c ./Drivers/STM32L4xx_HAL_Driver/Src/stm32l4xx_hal_spi.o
 .text.MX_FATFS_Init
                0x0000000008002ba8       0x24 ./FATFS/App/fatfs.o
                0x0000000008002ba8                MX_FATFS_Init
 .text.get_fattime
                0x0000000008002bcc       0x10 ./FATFS/App/fatfs.o
                0x0000000008002bcc                get_fattime
 .text.USER_initialize
                0x0000000008002bdc       0x28 ./FATFS/Target/user_diskio.o
                0x0000000008002bdc                USER_initialize
 .text.USER_status
                0x0000000008002c04       0x28 ./FATFS/Target/user_diskio.o
                0x0000000008002c04                USER_status
 .text.USER_read
                0x0000000008002c2c       0x26 ./FATFS/Target/user_diskio.o
                0x0000000008002c2c                USER_read
 .text.USER_write
                0x0000000008002c52       0x26 ./FATFS/Target/user_diskio.o
                0x0000000008002c52                USER_write
 .text.USER_ioctl
                0x0000000008002c78       0x26 ./FATFS/Target/user_diskio.o
                0x0000000008002c78                USER_ioctl
 *fill*         0x0000000008002c9e        0x2 
 .text.disk_status
                0x0000000008002ca0       0x34 ./Middlewares/Third_Party/FatFs/src/diskio.o
                0x0000000008002ca0                disk_status
 .text.disk_initialize
                0x0000000008002cd4       0x4c ./Middlewares/Third_Party/FatFs/src/diskio.o
                0x0000000008002cd4                disk_initialize
 .text.disk_read
                0x0000000008002d20       0x40 ./Middlewares/Third_Party/FatFs/src/diskio.o
                0x0000000008002d20                disk_read
 .text.disk_write
                0x0000000008002d60       0x40 ./Middlewares/Third_Party/FatFs/src/diskio.o
                0x0000000008002d60                disk_write
 .text.disk_ioctl
                0x0000000008002da0       0x3c ./Middlewares/Third_Party/FatFs/src/diskio.o
                0x0000000008002da0                disk_ioctl
 .text.ld_word  0x0000000008002ddc       0x30 ./Middlewares/Third_Party/FatFs/src/ff.o
 .text.ld_dword
                0x0000000008002e0c       0x46 ./Middlewares/Third_Party/FatFs/src/ff.o
 .text.st_word  0x0000000008002e52       0x36 ./Middlewares/Third_Party/FatFs/src/ff.o
 .text.st_dword
                0x0000000008002e88       0x58 ./Middlewares/Third_Party/FatFs/src/ff.o
 .text.mem_cpy  0x0000000008002ee0       0x42 ./Middlewares/Third_Party/FatFs/src/ff.o
 .text.mem_set  0x0000000008002f22       0x36 ./Middlewares/Third_Party/FatFs/src/ff.o
 .text.mem_cmp  0x0000000008002f58       0x4e ./Middlewares/Third_Party/FatFs/src/ff.o
 .text.chk_chr  0x0000000008002fa6       0x36 ./Middlewares/Third_Party/FatFs/src/ff.o
 .text.chk_lock
                0x0000000008002fdc       0xb8 ./Middlewares/Third_Party/FatFs/src/ff.o
 .text.enq_lock
                0x0000000008003094       0x44 ./Middlewares/Third_Party/FatFs/src/ff.o
 .text.inc_lock
                0x00000000080030d8      0x11c ./Middlewares/Third_Party/FatFs/src/ff.o
 .text.dec_lock
                0x00000000080031f4       0x78 ./Middlewares/Third_Party/FatFs/src/ff.o
 .text.clear_lock
                0x000000000800326c       0x48 ./Middlewares/Third_Party/FatFs/src/ff.o
 .text.sync_window
                0x00000000080032b4       0x88 ./Middlewares/Third_Party/FatFs/src/ff.o
 .text.move_window
                0x000000000800333c       0x5a ./Middlewares/Third_Party/FatFs/src/ff.o
 *fill*         0x0000000008003396        0x2 
 .text.sync_fs  0x0000000008003398       0xe0 ./Middlewares/Third_Party/FatFs/src/ff.o
 .text.clust2sect
                0x0000000008003478       0x3e ./Middlewares/Third_Party/FatFs/src/ff.o
 .text.get_fat  0x00000000080034b6      0x1a8 ./Middlewares/Third_Party/FatFs/src/ff.o
 .text.put_fat  0x000000000800365e      0x238 ./Middlewares/Third_Party/FatFs/src/ff.o
 .text.remove_chain
                0x0000000008003896       0xca ./Middlewares/Third_Party/FatFs/src/ff.o
 .text.create_chain
                0x0000000008003960      0x130 ./Middlewares/Third_Party/FatFs/src/ff.o
 .text.clmt_clust
                0x0000000008003a90       0x70 ./Middlewares/Third_Party/FatFs/src/ff.o
 .text.dir_sdi  0x0000000008003b00      0x112 ./Middlewares/Third_Party/FatFs/src/ff.o
 .text.dir_next
                0x0000000008003c12      0x1ac ./Middlewares/Third_Party/FatFs/src/ff.o
 .text.dir_alloc
                0x0000000008003dbe       0x8e ./Middlewares/Third_Party/FatFs/src/ff.o
 .text.ld_clust
                0x0000000008003e4c       0x3e ./Middlewares/Third_Party/FatFs/src/ff.o
 .text.st_clust
                0x0000000008003e8a       0x40 ./Middlewares/Third_Party/FatFs/src/ff.o
 *fill*         0x0000000008003eca        0x2 
 .text.cmp_lfn  0x0000000008003ecc       0xe0 ./Middlewares/Third_Party/FatFs/src/ff.o
 .text.put_lfn  0x0000000008003fac       0xd0 ./Middlewares/Third_Party/FatFs/src/ff.o
 .text.gen_numname
                0x000000000800407c      0x11c ./Middlewares/Third_Party/FatFs/src/ff.o
 .text.sum_sfn  0x0000000008004198       0x42 ./Middlewares/Third_Party/FatFs/src/ff.o
 .text.dir_find
                0x00000000080041da      0x180 ./Middlewares/Third_Party/FatFs/src/ff.o
 *fill*         0x000000000800435a        0x2 
 .text.dir_register
                0x000000000800435c      0x1f0 ./Middlewares/Third_Party/FatFs/src/ff.o
 .text.create_name
                0x000000000800454c      0x370 ./Middlewares/Third_Party/FatFs/src/ff.o
 .text.follow_path
                0x00000000080048bc       0xec ./Middlewares/Third_Party/FatFs/src/ff.o
 .text.get_ldnumber
                0x00000000080049a8       0x88 ./Middlewares/Third_Party/FatFs/src/ff.o
 .text.check_fs
                0x0000000008004a30       0xac ./Middlewares/Third_Party/FatFs/src/ff.o
 .text.find_volume
                0x0000000008004adc      0x50c ./Middlewares/Third_Party/FatFs/src/ff.o
 .text.validate
                0x0000000008004fe8       0x6a ./Middlewares/Third_Party/FatFs/src/ff.o
 *fill*         0x0000000008005052        0x2 
 .text.f_mount  0x0000000008005054       0x8c ./Middlewares/Third_Party/FatFs/src/ff.o
                0x0000000008005054                f_mount
 .text.f_open   0x00000000080050e0      0x398 ./Middlewares/Third_Party/FatFs/src/ff.o
                0x00000000080050e0                f_open
 .text.f_read   0x0000000008005478      0x2be ./Middlewares/Third_Party/FatFs/src/ff.o
                0x0000000008005478                f_read
 .text.f_write  0x0000000008005736      0x328 ./Middlewares/Third_Party/FatFs/src/ff.o
                0x0000000008005736                f_write
 .text.f_sync   0x0000000008005a5e       0xfc ./Middlewares/Third_Party/FatFs/src/ff.o
                0x0000000008005a5e                f_sync
 .text.f_close  0x0000000008005b5a       0x54 ./Middlewares/Third_Party/FatFs/src/ff.o
                0x0000000008005b5a                f_close
 .text.f_getfree
                0x0000000008005bae      0x16a ./Middlewares/Third_Party/FatFs/src/ff.o
                0x0000000008005bae                f_getfree
 .text.f_gets   0x0000000008005d18       0x7a ./Middlewares/Third_Party/FatFs/src/ff.o
                0x0000000008005d18                f_gets
 .text.putc_bfd
                0x0000000008005d92       0x7a ./Middlewares/Third_Party/FatFs/src/ff.o
 .text.putc_flush
                0x0000000008005e0c       0x4a ./Middlewares/Third_Party/FatFs/src/ff.o
 .text.putc_init
                0x0000000008005e56       0x2a ./Middlewares/Third_Party/FatFs/src/ff.o
 .text.f_puts   0x0000000008005e80       0x48 ./Middlewares/Third_Party/FatFs/src/ff.o
                0x0000000008005e80                f_puts
 .text.FATFS_LinkDriverEx
                0x0000000008005ec8       0x98 ./Middlewares/Third_Party/FatFs/src/ff_gen_drv.o
                0x0000000008005ec8                FATFS_LinkDriverEx
 .text.FATFS_LinkDriver
                0x0000000008005f60       0x1e ./Middlewares/Third_Party/FatFs/src/ff_gen_drv.o
                0x0000000008005f60                FATFS_LinkDriver
 *fill*         0x0000000008005f7e        0x2 
 .text.ff_convert
                0x0000000008005f80       0x78 ./Middlewares/Third_Party/FatFs/src/option/ccsbcs.o
                0x0000000008005f80                ff_convert
 .text.ff_wtoupper
                0x0000000008005ff8      0x114 ./Middlewares/Third_Party/FatFs/src/option/ccsbcs.o
                0x0000000008005ff8                ff_wtoupper
 .text.SELECT   0x000000000800610c       0x18 ./User_Defined/sd.o
 .text.DESELECT
                0x0000000008006124       0x18 ./User_Defined/sd.o
 .text.SPI_TxByte
                0x000000000800613c       0x34 ./User_Defined/sd.o
 .text.SPI_RxByte
                0x0000000008006170       0x3c ./User_Defined/sd.o
 .text.SPI_RxBytePtr
                0x00000000080061ac       0x1c ./User_Defined/sd.o
 .text.SD_ReadyWait
                0x00000000080061c8       0x38 ./User_Defined/sd.o
 .text.SD_PowerOn
                0x0000000008006200       0x98 ./User_Defined/sd.o
 .text.SD_PowerOff
                0x0000000008006298       0x18 ./User_Defined/sd.o
 .text.SD_CheckPower
                0x00000000080062b0       0x18 ./User_Defined/sd.o
 .text.SD_RxDataBlock
                0x00000000080062c8       0x6c ./User_Defined/sd.o
 .text.SD_TxDataBlock
                0x0000000008006334       0xa8 ./User_Defined/sd.o
 .text.SD_SendCmd
                0x00000000080063dc       0xa4 ./User_Defined/sd.o
 .text.SD_disk_read
                0x0000000008006480       0xd4 ./User_Defined/sd.o
                0x0000000008006480                SD_disk_read
 .text.SD_disk_write
                0x0000000008006554      0x108 ./User_Defined/sd.o
                0x0000000008006554                SD_disk_write
 .text.SD_disk_ioctl
                0x000000000800665c      0x264 ./User_Defined/sd.o
                0x000000000800665c                SD_disk_ioctl
 .text.__libc_init_array
                0x00000000080068c0       0x48 c:/st/stm32cubeide_1.11.2/stm32cubeide/plugins/com.st.stm32cube.ide.mcu.externaltools.gnu-tools-for-stm32.10.3-2021.10.win32_1.0.100.202210260954/tools/bin/../lib/gcc/arm-none-eabi/10.3.1/../../../../arm-none-eabi/lib/thumb/v7e-m+fp/hard\libc_nano.a(lib_a-init.o)
                0x00000000080068c0                __libc_init_array
 .text.memset   0x0000000008006908       0x10 c:/st/stm32cubeide_1.11.2/stm32cubeide/plugins/com.st.stm32cube.ide.mcu.externaltools.gnu-tools-for-stm32.10.3-2021.10.win32_1.0.100.202210260954/tools/bin/../lib/gcc/arm-none-eabi/10.3.1/../../../../arm-none-eabi/lib/thumb/v7e-m+fp/hard\libc_nano.a(lib_a-memset.o)
                0x0000000008006908                memset
 *(.glue_7)
 .glue_7        0x0000000008006918        0x0 linker stubs
 *(.glue_7t)
 .glue_7t       0x0000000008006918        0x0 linker stubs
 *(.eh_frame)
 .eh_frame      0x0000000008006918        0x0 c:/st/stm32cubeide_1.11.2/stm32cubeide/plugins/com.st.stm32cube.ide.mcu.externaltools.gnu-tools-for-stm32.10.3-2021.10.win32_1.0.100.202210260954/tools/bin/../lib/gcc/arm-none-eabi/10.3.1/thumb/v7e-m+fp/hard/crtbegin.o
 *(.init)
 .init          0x0000000008006918        0x4 c:/st/stm32cubeide_1.11.2/stm32cubeide/plugins/com.st.stm32cube.ide.mcu.externaltools.gnu-tools-for-stm32.10.3-2021.10.win32_1.0.100.202210260954/tools/bin/../lib/gcc/arm-none-eabi/10.3.1/thumb/v7e-m+fp/hard/crti.o
                0x0000000008006918                _init
 .init          0x000000000800691c        0x8 c:/st/stm32cubeide_1.11.2/stm32cubeide/plugins/com.st.stm32cube.ide.mcu.externaltools.gnu-tools-for-stm32.10.3-2021.10.win32_1.0.100.202210260954/tools/bin/../lib/gcc/arm-none-eabi/10.3.1/thumb/v7e-m+fp/hard/crtn.o
 *(.fini)
 .fini          0x0000000008006924        0x4 c:/st/stm32cubeide_1.11.2/stm32cubeide/plugins/com.st.stm32cube.ide.mcu.externaltools.gnu-tools-for-stm32.10.3-2021.10.win32_1.0.100.202210260954/tools/bin/../lib/gcc/arm-none-eabi/10.3.1/thumb/v7e-m+fp/hard/crti.o
                0x0000000008006924                _fini
 .fini          0x0000000008006928        0x8 c:/st/stm32cubeide_1.11.2/stm32cubeide/plugins/com.st.stm32cube.ide.mcu.externaltools.gnu-tools-for-stm32.10.3-2021.10.win32_1.0.100.202210260954/tools/bin/../lib/gcc/arm-none-eabi/10.3.1/thumb/v7e-m+fp/hard/crtn.o
                0x0000000008006930                . = ALIGN (0x4)
                0x0000000008006930                _etext = .

.vfp11_veneer   0x0000000008006930        0x0
 .vfp11_veneer  0x0000000008006930        0x0 linker stubs

.v4_bx          0x0000000008006930        0x0
 .v4_bx         0x0000000008006930        0x0 linker stubs

.iplt           0x0000000008006930        0x0
 .iplt          0x0000000008006930        0x0 c:/st/stm32cubeide_1.11.2/stm32cubeide/plugins/com.st.stm32cube.ide.mcu.externaltools.gnu-tools-for-stm32.10.3-2021.10.win32_1.0.100.202210260954/tools/bin/../lib/gcc/arm-none-eabi/10.3.1/thumb/v7e-m+fp/hard/crtbegin.o

.rodata         0x0000000008006930      0x524
                0x0000000008006930                . = ALIGN (0x4)
 *(.rodata)
 .rodata        0x0000000008006930       0x5a ./Core/Src/main.o
 *fill*         0x000000000800698a        0x2 
 .rodata        0x000000000800698c       0x48 ./Middlewares/Third_Party/FatFs/src/ff.o
 *(.rodata*)
 .rodata.AHBPrescTable
                0x00000000080069d4       0x10 ./Core/Src/system_stm32l4xx.o
                0x00000000080069d4                AHBPrescTable
 .rodata.MSIRangeTable
                0x00000000080069e4       0x30 ./Core/Src/system_stm32l4xx.o
                0x00000000080069e4                MSIRangeTable
 .rodata.ExCvt  0x0000000008006a14       0x80 ./Middlewares/Third_Party/FatFs/src/ff.o
 .rodata.LfnOfs
                0x0000000008006a94        0xd ./Middlewares/Third_Party/FatFs/src/ff.o
 *fill*         0x0000000008006aa1        0x3 
 .rodata.Tbl    0x0000000008006aa4      0x100 ./Middlewares/Third_Party/FatFs/src/option/ccsbcs.o
 .rodata.cvt1.1
                0x0000000008006ba4      0x1f2 ./Middlewares/Third_Party/FatFs/src/option/ccsbcs.o
 *fill*         0x0000000008006d96        0x2 
 .rodata.cvt2.0
                0x0000000008006d98       0xbc ./Middlewares/Third_Party/FatFs/src/option/ccsbcs.o
                0x0000000008006e54                . = ALIGN (0x4)

.rel.dyn        0x0000000008006e54        0x0
 .rel.iplt      0x0000000008006e54        0x0 c:/st/stm32cubeide_1.11.2/stm32cubeide/plugins/com.st.stm32cube.ide.mcu.externaltools.gnu-tools-for-stm32.10.3-2021.10.win32_1.0.100.202210260954/tools/bin/../lib/gcc/arm-none-eabi/10.3.1/thumb/v7e-m+fp/hard/crtbegin.o

.ARM.extab      0x0000000008006e54        0x0
                0x0000000008006e54                . = ALIGN (0x4)
 *(.ARM.extab* .gnu.linkonce.armextab.*)
                0x0000000008006e54                . = ALIGN (0x4)

.ARM            0x0000000008006e54        0x0
                0x0000000008006e54                . = ALIGN (0x4)
                0x0000000008006e54                __exidx_start = .
 *(.ARM.exidx*)
                0x0000000008006e54                __exidx_end = .
                0x0000000008006e54                . = ALIGN (0x4)

.preinit_array  0x0000000008006e54        0x0
                0x0000000008006e54                . = ALIGN (0x4)
                0x0000000008006e54                PROVIDE (__preinit_array_start = .)
 *(.preinit_array*)
                0x0000000008006e54                PROVIDE (__preinit_array_end = .)
                0x0000000008006e54                . = ALIGN (0x4)

.init_array     0x0000000008006e54        0x4
                0x0000000008006e54                . = ALIGN (0x4)
                0x0000000008006e54                PROVIDE (__init_array_start = .)
 *(SORT_BY_NAME(.init_array.*))
 *(.init_array*)
 .init_array    0x0000000008006e54        0x4 c:/st/stm32cubeide_1.11.2/stm32cubeide/plugins/com.st.stm32cube.ide.mcu.externaltools.gnu-tools-for-stm32.10.3-2021.10.win32_1.0.100.202210260954/tools/bin/../lib/gcc/arm-none-eabi/10.3.1/thumb/v7e-m+fp/hard/crtbegin.o
                0x0000000008006e58                PROVIDE (__init_array_end = .)
                0x0000000008006e58                . = ALIGN (0x4)

.fini_array     0x0000000008006e58        0x4
                0x0000000008006e58                . = ALIGN (0x4)
                [!provide]                        PROVIDE (__fini_array_start = .)
 *(SORT_BY_NAME(.fini_array.*))
 *(.fini_array*)
 .fini_array    0x0000000008006e58        0x4 c:/st/stm32cubeide_1.11.2/stm32cubeide/plugins/com.st.stm32cube.ide.mcu.externaltools.gnu-tools-for-stm32.10.3-2021.10.win32_1.0.100.202210260954/tools/bin/../lib/gcc/arm-none-eabi/10.3.1/thumb/v7e-m+fp/hard/crtbegin.o
                [!provide]                        PROVIDE (__fini_array_end = .)
                0x0000000008006e5c                . = ALIGN (0x4)
                0x0000000008006e5c                _sidata = LOADADDR (.data)

.data           0x0000000020000000       0x24 load address 0x0000000008006e5c
                0x0000000020000000                . = ALIGN (0x4)
                0x0000000020000000                _sdata = .
 *(.data)
 *(.data*)
 .data.SystemCoreClock
                0x0000000020000000        0x4 ./Core/Src/system_stm32l4xx.o
                0x0000000020000000                SystemCoreClock
 .data.uwTickPrio
                0x0000000020000004        0x4 ./Drivers/STM32L4xx_HAL_Driver/Src/stm32l4xx_hal.o
                0x0000000020000004                uwTickPrio
 .data.uwTickFreq
                0x0000000020000008        0x1 ./Drivers/STM32L4xx_HAL_Driver/Src/stm32l4xx_hal.o
                0x0000000020000008                uwTickFreq
 .data.Stat     0x0000000020000009        0x1 ./FATFS/Target/user_diskio.o
 *fill*         0x000000002000000a        0x2 
 .data.USER_Driver
                0x000000002000000c       0x14 ./FATFS/Target/user_diskio.o
                0x000000002000000c                USER_Driver
 .data.Stat     0x0000000020000020        0x1 ./User_Defined/sd.o
 *(.RamFunc)
 *(.RamFunc*)
                0x0000000020000024                . = ALIGN (0x4)
 *fill*         0x0000000020000021        0x3 
                0x0000000020000024                _edata = .

.igot.plt       0x0000000020000024        0x0 load address 0x0000000008006e80
 .igot.plt      0x0000000020000024        0x0 c:/st/stm32cubeide_1.11.2/stm32cubeide/plugins/com.st.stm32cube.ide.mcu.externaltools.gnu-tools-for-stm32.10.3-2021.10.win32_1.0.100.202210260954/tools/bin/../lib/gcc/arm-none-eabi/10.3.1/thumb/v7e-m+fp/hard/crtbegin.o
                0x0000000020000024                . = ALIGN (0x4)

.bss            0x0000000020000024     0x23a4 load address 0x0000000008006e80
                0x0000000020000024                _sbss = .
                0x0000000020000024                __bss_start__ = _sbss
 *(.bss)
 .bss           0x0000000020000024       0x1c c:/st/stm32cubeide_1.11.2/stm32cubeide/plugins/com.st.stm32cube.ide.mcu.externaltools.gnu-tools-for-stm32.10.3-2021.10.win32_1.0.100.202210260954/tools/bin/../lib/gcc/arm-none-eabi/10.3.1/thumb/v7e-m+fp/hard/crtbegin.o
 *(.bss*)
 .bss.hspi1     0x0000000020000040       0x64 ./Core/Src/main.o
                0x0000000020000040                hspi1
 .bss.fs        0x00000000200000a4     0x1038 ./Core/Src/main.o
                0x00000000200000a4                fs
 .bss.pfs       0x00000000200010dc        0x4 ./Core/Src/main.o
                0x00000000200010dc                pfs
 .bss.fil       0x00000000200010e0     0x1030 ./Core/Src/main.o
                0x00000000200010e0                fil
 .bss.fre_clust
                0x0000000020002110        0x4 ./Core/Src/main.o
                0x0000000020002110                fre_clust
 .bss.total     0x0000000020002114        0x4 ./Core/Src/main.o
                0x0000000020002114                total
 .bss.available_space
                0x0000000020002118        0x4 ./Core/Src/main.o
                0x0000000020002118                available_space
 .bss.buffer    0x000000002000211c       0x64 ./Core/Src/main.o
                0x000000002000211c                buffer
 .bss.FatFsCnt  0x0000000020002180        0x1 ./Core/Src/stm32l4xx_it.o
                0x0000000020002180                FatFsCnt
 .bss.Timer1    0x0000000020002181        0x1 ./Core/Src/stm32l4xx_it.o
                0x0000000020002181                Timer1
 .bss.Timer2    0x0000000020002182        0x1 ./Core/Src/stm32l4xx_it.o
                0x0000000020002182                Timer2
 *fill*         0x0000000020002183        0x1 
 .bss.uwTick    0x0000000020002184        0x4 ./Drivers/STM32L4xx_HAL_Driver/Src/stm32l4xx_hal.o
                0x0000000020002184                uwTick
 .bss.retUSER   0x0000000020002188        0x1 ./FATFS/App/fatfs.o
                0x0000000020002188                retUSER
 *fill*         0x0000000020002189        0x3 
 .bss.USERPath  0x000000002000218c        0x4 ./FATFS/App/fatfs.o
                0x000000002000218c                USERPath
 .bss.FatFs     0x0000000020002190        0x4 ./Middlewares/Third_Party/FatFs/src/ff.o
 .bss.Fsid      0x0000000020002194        0x2 ./Middlewares/Third_Party/FatFs/src/ff.o
 *fill*         0x0000000020002196        0x2 
 .bss.Files     0x0000000020002198       0x20 ./Middlewares/Third_Party/FatFs/src/ff.o
 .bss.LfnBuf    0x00000000200021b8      0x200 ./Middlewares/Third_Party/FatFs/src/ff.o
 .bss.disk      0x00000000200023b8        0xc ./Middlewares/Third_Party/FatFs/src/ff_gen_drv.o
                0x00000000200023b8                disk
 .bss.CardType  0x00000000200023c4        0x1 ./User_Defined/sd.o
 .bss.PowerFlag
                0x00000000200023c5        0x1 ./User_Defined/sd.o
 *(COMMON)
                0x00000000200023c8                . = ALIGN (0x4)
 *fill*         0x00000000200023c6        0x2 
                0x00000000200023c8                _ebss = .
                0x00000000200023c8                __bss_end__ = _ebss

._user_heap_stack
                0x00000000200023c8      0x600 load address 0x0000000008006e80
                0x00000000200023c8                . = ALIGN (0x8)
                [!provide]                        PROVIDE (end = .)
                0x00000000200023c8                PROVIDE (_end = .)
                0x00000000200025c8                . = (. + _Min_Heap_Size)
 *fill*         0x00000000200023c8      0x200 
                0x00000000200029c8                . = (. + _Min_Stack_Size)
 *fill*         0x00000000200025c8      0x400 
                0x00000000200029c8                . = ALIGN (0x8)

/DISCARD/
 libc.a(*)
 libm.a(*)
 libgcc.a(*)

.ARM.attributes
                0x0000000000000000       0x30
 *(.ARM.attributes)
 .ARM.attributes
                0x0000000000000000       0x1e c:/st/stm32cubeide_1.11.2/stm32cubeide/plugins/com.st.stm32cube.ide.mcu.externaltools.gnu-tools-for-stm32.10.3-2021.10.win32_1.0.100.202210260954/tools/bin/../lib/gcc/arm-none-eabi/10.3.1/thumb/v7e-m+fp/hard/crti.o
 .ARM.attributes
                0x000000000000001e       0x34 c:/st/stm32cubeide_1.11.2/stm32cubeide/plugins/com.st.stm32cube.ide.mcu.externaltools.gnu-tools-for-stm32.10.3-2021.10.win32_1.0.100.202210260954/tools/bin/../lib/gcc/arm-none-eabi/10.3.1/thumb/v7e-m+fp/hard/crtbegin.o
 .ARM.attributes
                0x0000000000000052       0x34 ./Core/Src/main.o
 .ARM.attributes
                0x0000000000000086       0x34 ./Core/Src/stm32l4xx_hal_msp.o
 .ARM.attributes
                0x00000000000000ba       0x34 ./Core/Src/stm32l4xx_it.o
 .ARM.attributes
                0x00000000000000ee       0x34 ./Core/Src/system_stm32l4xx.o
 .ARM.attributes
                0x0000000000000122       0x21 ./Core/Startup/startup_stm32l412rbtxp.o
 .ARM.attributes
                0x0000000000000143       0x34 ./Drivers/STM32L4xx_HAL_Driver/Src/stm32l4xx_hal.o
 .ARM.attributes
                0x0000000000000177       0x34 ./Drivers/STM32L4xx_HAL_Driver/Src/stm32l4xx_hal_cortex.o
 .ARM.attributes
                0x00000000000001ab       0x34 ./Drivers/STM32L4xx_HAL_Driver/Src/stm32l4xx_hal_gpio.o
 .ARM.attributes
                0x00000000000001df       0x34 ./Drivers/STM32L4xx_HAL_Driver/Src/stm32l4xx_hal_pwr_ex.o
 .ARM.attributes
                0x0000000000000213       0x34 ./Drivers/STM32L4xx_HAL_Driver/Src/stm32l4xx_hal_rcc.o
 .ARM.attributes
                0x0000000000000247       0x34 ./Drivers/STM32L4xx_HAL_Driver/Src/stm32l4xx_hal_spi.o
 .ARM.attributes
                0x000000000000027b       0x34 ./FATFS/App/fatfs.o
 .ARM.attributes
                0x00000000000002af       0x34 ./FATFS/Target/user_diskio.o
 .ARM.attributes
                0x00000000000002e3       0x34 ./Middlewares/Third_Party/FatFs/src/diskio.o
 .ARM.attributes
                0x0000000000000317       0x34 ./Middlewares/Third_Party/FatFs/src/ff.o
 .ARM.attributes
                0x000000000000034b       0x34 ./Middlewares/Third_Party/FatFs/src/ff_gen_drv.o
 .ARM.attributes
                0x000000000000037f       0x34 ./Middlewares/Third_Party/FatFs/src/option/ccsbcs.o
 .ARM.attributes
                0x00000000000003b3       0x34 ./User_Defined/sd.o
 .ARM.attributes
                0x00000000000003e7       0x34 c:/st/stm32cubeide_1.11.2/stm32cubeide/plugins/com.st.stm32cube.ide.mcu.externaltools.gnu-tools-for-stm32.10.3-2021.10.win32_1.0.100.202210260954/tools/bin/../lib/gcc/arm-none-eabi/10.3.1/../../../../arm-none-eabi/lib/thumb/v7e-m+fp/hard\libc_nano.a(lib_a-init.o)
 .ARM.attributes
                0x000000000000041b       0x34 c:/st/stm32cubeide_1.11.2/stm32cubeide/plugins/com.st.stm32cube.ide.mcu.externaltools.gnu-tools-for-stm32.10.3-2021.10.win32_1.0.100.202210260954/tools/bin/../lib/gcc/arm-none-eabi/10.3.1/../../../../arm-none-eabi/lib/thumb/v7e-m+fp/hard\libc_nano.a(lib_a-memset.o)
 .ARM.attributes
                0x000000000000044f       0x1e c:/st/stm32cubeide_1.11.2/stm32cubeide/plugins/com.st.stm32cube.ide.mcu.externaltools.gnu-tools-for-stm32.10.3-2021.10.win32_1.0.100.202210260954/tools/bin/../lib/gcc/arm-none-eabi/10.3.1/thumb/v7e-m+fp/hard\libgcc.a(_arm_muldf3.o)
 .ARM.attributes
                0x000000000000046d       0x1e c:/st/stm32cubeide_1.11.2/stm32cubeide/plugins/com.st.stm32cube.ide.mcu.externaltools.gnu-tools-for-stm32.10.3-2021.10.win32_1.0.100.202210260954/tools/bin/../lib/gcc/arm-none-eabi/10.3.1/thumb/v7e-m+fp/hard\libgcc.a(_arm_addsubdf3.o)
 .ARM.attributes
                0x000000000000048b       0x1e c:/st/stm32cubeide_1.11.2/stm32cubeide/plugins/com.st.stm32cube.ide.mcu.externaltools.gnu-tools-for-stm32.10.3-2021.10.win32_1.0.100.202210260954/tools/bin/../lib/gcc/arm-none-eabi/10.3.1/thumb/v7e-m+fp/hard\libgcc.a(_arm_fixunsdfsi.o)
 .ARM.attributes
                0x00000000000004a9       0x1e c:/st/stm32cubeide_1.11.2/stm32cubeide/plugins/com.st.stm32cube.ide.mcu.externaltools.gnu-tools-for-stm32.10.3-2021.10.win32_1.0.100.202210260954/tools/bin/../lib/gcc/arm-none-eabi/10.3.1/thumb/v7e-m+fp/hard/crtn.o
OUTPUT(SD_Card_1.elf elf32-littlearm)
LOAD linker stubs
LOAD c:/st/stm32cubeide_1.11.2/stm32cubeide/plugins/com.st.stm32cube.ide.mcu.externaltools.gnu-tools-for-stm32.10.3-2021.10.win32_1.0.100.202210260954/tools/bin/../lib/gcc/arm-none-eabi/10.3.1/../../../../arm-none-eabi/lib/thumb/v7e-m+fp/hard\libc.a
LOAD c:/st/stm32cubeide_1.11.2/stm32cubeide/plugins/com.st.stm32cube.ide.mcu.externaltools.gnu-tools-for-stm32.10.3-2021.10.win32_1.0.100.202210260954/tools/bin/../lib/gcc/arm-none-eabi/10.3.1/../../../../arm-none-eabi/lib/thumb/v7e-m+fp/hard\libm.a
LOAD c:/st/stm32cubeide_1.11.2/stm32cubeide/plugins/com.st.stm32cube.ide.mcu.externaltools.gnu-tools-for-stm32.10.3-2021.10.win32_1.0.100.202210260954/tools/bin/../lib/gcc/arm-none-eabi/10.3.1/thumb/v7e-m+fp/hard\libgcc.a

.debug_info     0x0000000000000000     0xb7bd
 .debug_info    0x0000000000000000     0x117f ./Core/Src/main.o
 .debug_info    0x000000000000117f      0xa04 ./Core/Src/stm32l4xx_hal_msp.o
 .debug_info    0x0000000000001b83      0x190 ./Core/Src/stm32l4xx_it.o
 .debug_info    0x0000000000001d13      0x5d4 ./Core/Src/system_stm32l4xx.o
 .debug_info    0x00000000000022e7       0x22 ./Core/Startup/startup_stm32l412rbtxp.o
 .debug_info    0x0000000000002309      0x9bf ./Drivers/STM32L4xx_HAL_Driver/Src/stm32l4xx_hal.o
 .debug_info    0x0000000000002cc8      0xd8b ./Drivers/STM32L4xx_HAL_Driver/Src/stm32l4xx_hal_cortex.o
 .debug_info    0x0000000000003a53      0x821 ./Drivers/STM32L4xx_HAL_Driver/Src/stm32l4xx_hal_gpio.o
 .debug_info    0x0000000000004274      0x9b7 ./Drivers/STM32L4xx_HAL_Driver/Src/stm32l4xx_hal_pwr_ex.o
 .debug_info    0x0000000000004c2b      0xcb5 ./Drivers/STM32L4xx_HAL_Driver/Src/stm32l4xx_hal_rcc.o
 .debug_info    0x00000000000058e0     0x1782 ./Drivers/STM32L4xx_HAL_Driver/Src/stm32l4xx_hal_spi.o
 .debug_info    0x0000000000007062      0x526 ./FATFS/App/fatfs.o
 .debug_info    0x0000000000007588      0x3b2 ./FATFS/Target/user_diskio.o
 .debug_info    0x000000000000793a      0x412 ./Middlewares/Third_Party/FatFs/src/diskio.o
 .debug_info    0x0000000000007d4c     0x284f ./Middlewares/Third_Party/FatFs/src/ff.o
 .debug_info    0x000000000000a59b      0x3a9 ./Middlewares/Third_Party/FatFs/src/ff_gen_drv.o
 .debug_info    0x000000000000a944      0x1c6 ./Middlewares/Third_Party/FatFs/src/option/ccsbcs.o
 .debug_info    0x000000000000ab0a      0xcb3 ./User_Defined/sd.o

.debug_abbrev   0x0000000000000000     0x2068
 .debug_abbrev  0x0000000000000000      0x2dd ./Core/Src/main.o
 .debug_abbrev  0x00000000000002dd      0x194 ./Core/Src/stm32l4xx_hal_msp.o
 .debug_abbrev  0x0000000000000471       0x9d ./Core/Src/stm32l4xx_it.o
 .debug_abbrev  0x000000000000050e      0x116 ./Core/Src/system_stm32l4xx.o
 .debug_abbrev  0x0000000000000624       0x12 ./Core/Startup/startup_stm32l412rbtxp.o
 .debug_abbrev  0x0000000000000636      0x24f ./Drivers/STM32L4xx_HAL_Driver/Src/stm32l4xx_hal.o
 .debug_abbrev  0x0000000000000885      0x316 ./Drivers/STM32L4xx_HAL_Driver/Src/stm32l4xx_hal_cortex.o
 .debug_abbrev  0x0000000000000b9b      0x1bb ./Drivers/STM32L4xx_HAL_Driver/Src/stm32l4xx_hal_gpio.o
 .debug_abbrev  0x0000000000000d56      0x1f3 ./Drivers/STM32L4xx_HAL_Driver/Src/stm32l4xx_hal_pwr_ex.o
 .debug_abbrev  0x0000000000000f49      0x2c8 ./Drivers/STM32L4xx_HAL_Driver/Src/stm32l4xx_hal_rcc.o
 .debug_abbrev  0x0000000000001211      0x254 ./Drivers/STM32L4xx_HAL_Driver/Src/stm32l4xx_hal_spi.o
 .debug_abbrev  0x0000000000001465      0x15a ./FATFS/App/fatfs.o
 .debug_abbrev  0x00000000000015bf      0x16c ./FATFS/Target/user_diskio.o
 .debug_abbrev  0x000000000000172b      0x178 ./Middlewares/Third_Party/FatFs/src/diskio.o
 .debug_abbrev  0x00000000000018a3      0x271 ./Middlewares/Third_Party/FatFs/src/ff.o
 .debug_abbrev  0x0000000000001b14      0x196 ./Middlewares/Third_Party/FatFs/src/ff_gen_drv.o
 .debug_abbrev  0x0000000000001caa       0xdc ./Middlewares/Third_Party/FatFs/src/option/ccsbcs.o
 .debug_abbrev  0x0000000000001d86      0x2e2 ./User_Defined/sd.o

.debug_aranges  0x0000000000000000      0xb40
 .debug_aranges
                0x0000000000000000       0x48 ./Core/Src/main.o
 .debug_aranges
                0x0000000000000048       0x30 ./Core/Src/stm32l4xx_hal_msp.o
 .debug_aranges
                0x0000000000000078       0x68 ./Core/Src/stm32l4xx_it.o
 .debug_aranges
                0x00000000000000e0       0x28 ./Core/Src/system_stm32l4xx.o
 .debug_aranges
                0x0000000000000108       0x28 ./Core/Startup/startup_stm32l412rbtxp.o
 .debug_aranges
                0x0000000000000130      0x108 ./Drivers/STM32L4xx_HAL_Driver/Src/stm32l4xx_hal.o
 .debug_aranges
                0x0000000000000238      0x118 ./Drivers/STM32L4xx_HAL_Driver/Src/stm32l4xx_hal_cortex.o
 .debug_aranges
                0x0000000000000350       0x58 ./Drivers/STM32L4xx_HAL_Driver/Src/stm32l4xx_hal_gpio.o
 .debug_aranges
                0x00000000000003a8      0x148 ./Drivers/STM32L4xx_HAL_Driver/Src/stm32l4xx_hal_pwr_ex.o
 .debug_aranges
                0x00000000000004f0       0x90 ./Drivers/STM32L4xx_HAL_Driver/Src/stm32l4xx_hal_rcc.o
 .debug_aranges
                0x0000000000000580      0x1d8 ./Drivers/STM32L4xx_HAL_Driver/Src/stm32l4xx_hal_spi.o
 .debug_aranges
                0x0000000000000758       0x28 ./FATFS/App/fatfs.o
 .debug_aranges
                0x0000000000000780       0x40 ./FATFS/Target/user_diskio.o
 .debug_aranges
                0x00000000000007c0       0x48 ./Middlewares/Third_Party/FatFs/src/diskio.o
 .debug_aranges
                0x0000000000000808      0x230 ./Middlewares/Third_Party/FatFs/src/ff.o
 .debug_aranges
                0x0000000000000a38       0x40 ./Middlewares/Third_Party/FatFs/src/ff_gen_drv.o
 .debug_aranges
                0x0000000000000a78       0x28 ./Middlewares/Third_Party/FatFs/src/option/ccsbcs.o
 .debug_aranges
                0x0000000000000aa0       0xa0 ./User_Defined/sd.o

.debug_ranges   0x0000000000000000      0xa28
 .debug_ranges  0x0000000000000000       0x38 ./Core/Src/main.o
 .debug_ranges  0x0000000000000038       0x20 ./Core/Src/stm32l4xx_hal_msp.o
 .debug_ranges  0x0000000000000058       0x58 ./Core/Src/stm32l4xx_it.o
 .debug_ranges  0x00000000000000b0       0x18 ./Core/Src/system_stm32l4xx.o
 .debug_ranges  0x00000000000000c8       0x20 ./Core/Startup/startup_stm32l412rbtxp.o
 .debug_ranges  0x00000000000000e8       0xf8 ./Drivers/STM32L4xx_HAL_Driver/Src/stm32l4xx_hal.o
 .debug_ranges  0x00000000000001e0      0x108 ./Drivers/STM32L4xx_HAL_Driver/Src/stm32l4xx_hal_cortex.o
 .debug_ranges  0x00000000000002e8       0x48 ./Drivers/STM32L4xx_HAL_Driver/Src/stm32l4xx_hal_gpio.o
 .debug_ranges  0x0000000000000330      0x138 ./Drivers/STM32L4xx_HAL_Driver/Src/stm32l4xx_hal_pwr_ex.o
 .debug_ranges  0x0000000000000468       0x80 ./Drivers/STM32L4xx_HAL_Driver/Src/stm32l4xx_hal_rcc.o
 .debug_ranges  0x00000000000004e8      0x1c8 ./Drivers/STM32L4xx_HAL_Driver/Src/stm32l4xx_hal_spi.o
 .debug_ranges  0x00000000000006b0       0x18 ./FATFS/App/fatfs.o
 .debug_ranges  0x00000000000006c8       0x30 ./FATFS/Target/user_diskio.o
 .debug_ranges  0x00000000000006f8       0x38 ./Middlewares/Third_Party/FatFs/src/diskio.o
 .debug_ranges  0x0000000000000730      0x220 ./Middlewares/Third_Party/FatFs/src/ff.o
 .debug_ranges  0x0000000000000950       0x30 ./Middlewares/Third_Party/FatFs/src/ff_gen_drv.o
 .debug_ranges  0x0000000000000980       0x18 ./Middlewares/Third_Party/FatFs/src/option/ccsbcs.o
 .debug_ranges  0x0000000000000998       0x90 ./User_Defined/sd.o

.debug_macro    0x0000000000000000    0x1aa1f
 .debug_macro   0x0000000000000000      0x2ee ./Core/Src/main.o
 .debug_macro   0x00000000000002ee      0xa78 ./Core/Src/main.o
 .debug_macro   0x0000000000000d66      0x1a7 ./Core/Src/main.o
 .debug_macro   0x0000000000000f0d       0x2e ./Core/Src/main.o
 .debug_macro   0x0000000000000f3b       0x28 ./Core/Src/main.o
 .debug_macro   0x0000000000000f63       0x22 ./Core/Src/main.o
 .debug_macro   0x0000000000000f85       0x8e ./Core/Src/main.o
 .debug_macro   0x0000000000001013       0x51 ./Core/Src/main.o
 .debug_macro   0x0000000000001064      0x103 ./Core/Src/main.o
 .debug_macro   0x0000000000001167       0x6a ./Core/Src/main.o
 .debug_macro   0x00000000000011d1      0x1df ./Core/Src/main.o
 .debug_macro   0x00000000000013b0       0x1c ./Core/Src/main.o
 .debug_macro   0x00000000000013cc       0x22 ./Core/Src/main.o
 .debug_macro   0x00000000000013ee       0xfb ./Core/Src/main.o
 .debug_macro   0x00000000000014e9     0x1011 ./Core/Src/main.o
 .debug_macro   0x00000000000024fa      0x11f ./Core/Src/main.o
 .debug_macro   0x0000000000002619     0xe4b1 ./Core/Src/main.o
 .debug_macro   0x0000000000010aca       0x6d ./Core/Src/main.o
 .debug_macro   0x0000000000010b37     0x38df ./Core/Src/main.o
 .debug_macro   0x0000000000014416      0x174 ./Core/Src/main.o
 .debug_macro   0x000000000001458a       0x5c ./Core/Src/main.o
 .debug_macro   0x00000000000145e6     0x105e ./Core/Src/main.o
 .debug_macro   0x0000000000015644      0x49b ./Core/Src/main.o
 .debug_macro   0x0000000000015adf      0x1b9 ./Core/Src/main.o
 .debug_macro   0x0000000000015c98       0xd7 ./Core/Src/main.o
 .debug_macro   0x0000000000015d6f      0x26b ./Core/Src/main.o
 .debug_macro   0x0000000000015fda      0x23d ./Core/Src/main.o
 .debug_macro   0x0000000000016217      0x21c ./Core/Src/main.o
 .debug_macro   0x0000000000016433      0x375 ./Core/Src/main.o
 .debug_macro   0x00000000000167a8       0xd6 ./Core/Src/main.o
 .debug_macro   0x000000000001687e      0x22c ./Core/Src/main.o
 .debug_macro   0x0000000000016aaa       0x61 ./Core/Src/main.o
 .debug_macro   0x0000000000016b0b       0xa5 ./Core/Src/main.o
 .debug_macro   0x0000000000016bb0      0x122 ./Core/Src/main.o
 .debug_macro   0x0000000000016cd2      0x364 ./Core/Src/main.o
 .debug_macro   0x0000000000017036      0x2fe ./Core/Src/main.o
 .debug_macro   0x0000000000017334      0x220 ./Core/Src/main.o
 .debug_macro   0x0000000000017554       0xeb ./Core/Src/main.o
 .debug_macro   0x000000000001763f       0x1e ./Core/Src/main.o
 .debug_macro   0x000000000001765d       0x52 ./Core/Src/main.o
 .debug_macro   0x00000000000176af       0x3c ./Core/Src/main.o
 .debug_macro   0x00000000000176eb       0x34 ./Core/Src/main.o
 .debug_macro   0x000000000001771f       0x16 ./Core/Src/main.o
 .debug_macro   0x0000000000017735       0x35 ./Core/Src/main.o
 .debug_macro   0x000000000001776a       0x16 ./Core/Src/main.o
 .debug_macro   0x0000000000017780       0x43 ./Core/Src/main.o
 .debug_macro   0x00000000000177c3       0x34 ./Core/Src/main.o
 .debug_macro   0x00000000000177f7       0x10 ./Core/Src/main.o
 .debug_macro   0x0000000000017807       0x58 ./Core/Src/main.o
 .debug_macro   0x000000000001785f       0x71 ./Core/Src/main.o
 .debug_macro   0x00000000000178d0       0x1c ./Core/Src/main.o
 .debug_macro   0x00000000000178ec      0x12a ./Core/Src/main.o
 .debug_macro   0x0000000000017a16      0x341 ./Core/Src/main.o
 .debug_macro   0x0000000000017d57       0x16 ./Core/Src/main.o
 .debug_macro   0x0000000000017d6d       0x29 ./Core/Src/main.o
 .debug_macro   0x0000000000017d96       0x12 ./Core/Src/main.o
 .debug_macro   0x0000000000017da8       0xe2 ./Core/Src/main.o
 .debug_macro   0x0000000000017e8a       0x8e ./Core/Src/main.o
 .debug_macro   0x0000000000017f18      0x1cf ./Core/Src/stm32l4xx_hal_msp.o
 .debug_macro   0x00000000000180e7      0x1d9 ./Core/Src/stm32l4xx_it.o
 .debug_macro   0x00000000000182c0      0x1c5 ./Core/Src/system_stm32l4xx.o
 .debug_macro   0x0000000000018485      0x20d ./Drivers/STM32L4xx_HAL_Driver/Src/stm32l4xx_hal.o
 .debug_macro   0x0000000000018692      0x1c5 ./Drivers/STM32L4xx_HAL_Driver/Src/stm32l4xx_hal_cortex.o
 .debug_macro   0x0000000000018857      0x1cc ./Drivers/STM32L4xx_HAL_Driver/Src/stm32l4xx_hal_gpio.o
 .debug_macro   0x0000000000018a23      0x1e9 ./Drivers/STM32L4xx_HAL_Driver/Src/stm32l4xx_hal_pwr_ex.o
 .debug_macro   0x0000000000018c0c      0x207 ./Drivers/STM32L4xx_HAL_Driver/Src/stm32l4xx_hal_rcc.o
 .debug_macro   0x0000000000018e13      0x1cd ./Drivers/STM32L4xx_HAL_Driver/Src/stm32l4xx_hal_spi.o
 .debug_macro   0x0000000000018fe0      0x2f4 ./FATFS/App/fatfs.o
 .debug_macro   0x00000000000192d4       0xe5 ./FATFS/App/fatfs.o
 .debug_macro   0x00000000000193b9      0x31a ./FATFS/Target/user_diskio.o
 .debug_macro   0x00000000000196d3       0x10 ./FATFS/Target/user_diskio.o
 .debug_macro   0x00000000000196e3       0x20 ./FATFS/Target/user_diskio.o
 .debug_macro   0x0000000000019703       0x16 ./FATFS/Target/user_diskio.o
 .debug_macro   0x0000000000019719       0x7c ./FATFS/Target/user_diskio.o
 .debug_macro   0x0000000000019795       0x56 ./FATFS/Target/user_diskio.o
 .debug_macro   0x00000000000197eb       0x64 ./FATFS/Target/user_diskio.o
 .debug_macro   0x000000000001984f      0x2e1 ./Middlewares/Third_Party/FatFs/src/diskio.o
 .debug_macro   0x0000000000019b30      0x6ef ./Middlewares/Third_Party/FatFs/src/ff.o
 .debug_macro   0x000000000001a21f       0x58 ./Middlewares/Third_Party/FatFs/src/ff.o
 .debug_macro   0x000000000001a277      0x2e1 ./Middlewares/Third_Party/FatFs/src/ff_gen_drv.o
 .debug_macro   0x000000000001a558      0x2cf ./Middlewares/Third_Party/FatFs/src/option/ccsbcs.o
 .debug_macro   0x000000000001a827      0x1f8 ./User_Defined/sd.o

.debug_line     0x0000000000000000     0xf4de
 .debug_line    0x0000000000000000      0xa21 ./Core/Src/main.o
 .debug_line    0x0000000000000a21      0x70f ./Core/Src/stm32l4xx_hal_msp.o
 .debug_line    0x0000000000001130      0x7bb ./Core/Src/stm32l4xx_it.o
 .debug_line    0x00000000000018eb      0x75a ./Core/Src/system_stm32l4xx.o
 .debug_line    0x0000000000002045       0x89 ./Core/Startup/startup_stm32l412rbtxp.o
 .debug_line    0x00000000000020ce      0xa1f ./Drivers/STM32L4xx_HAL_Driver/Src/stm32l4xx_hal.o
 .debug_line    0x0000000000002aed      0xc59 ./Drivers/STM32L4xx_HAL_Driver/Src/stm32l4xx_hal_cortex.o
 .debug_line    0x0000000000003746      0xabd ./Drivers/STM32L4xx_HAL_Driver/Src/stm32l4xx_hal_gpio.o
 .debug_line    0x0000000000004203      0xc1b ./Drivers/STM32L4xx_HAL_Driver/Src/stm32l4xx_hal_pwr_ex.o
 .debug_line    0x0000000000004e1e      0xfb7 ./Drivers/STM32L4xx_HAL_Driver/Src/stm32l4xx_hal_rcc.o
 .debug_line    0x0000000000005dd5     0x1eec ./Drivers/STM32L4xx_HAL_Driver/Src/stm32l4xx_hal_spi.o
 .debug_line    0x0000000000007cc1      0x8af ./FATFS/App/fatfs.o
 .debug_line    0x0000000000008570      0x94e ./FATFS/Target/user_diskio.o
 .debug_line    0x0000000000008ebe      0x91e ./Middlewares/Third_Party/FatFs/src/diskio.o
 .debug_line    0x00000000000097dc     0x3cc5 ./Middlewares/Third_Party/FatFs/src/ff.o
 .debug_line    0x000000000000d4a1      0x93c ./Middlewares/Third_Party/FatFs/src/ff_gen_drv.o
 .debug_line    0x000000000000dddd      0x97c ./Middlewares/Third_Party/FatFs/src/option/ccsbcs.o
 .debug_line    0x000000000000e759      0xd85 ./User_Defined/sd.o

.debug_str      0x0000000000000000    0x9e3b2
 .debug_str     0x0000000000000000    0x9afe4 ./Core/Src/main.o
                                      0x9b360 (size before relaxing)
 .debug_str     0x000000000009afe4       0x63 ./Core/Src/stm32l4xx_hal_msp.o
                                      0x979e0 (size before relaxing)
 .debug_str     0x000000000009b047      0x107 ./Core/Src/stm32l4xx_it.o
                                      0x974cd (size before relaxing)
 .debug_str     0x000000000009b14e       0xf2 ./Core/Src/system_stm32l4xx.o
                                      0x9760c (size before relaxing)
 .debug_str     0x000000000009b240       0x37 ./Core/Startup/startup_stm32l412rbtxp.o
                                         0x6b (size before relaxing)
 .debug_str     0x000000000009b277      0x8d7 ./Drivers/STM32L4xx_HAL_Driver/Src/stm32l4xx_hal.o
                                      0x97f66 (size before relaxing)
 .debug_str     0x000000000009bb4e      0x32d ./Drivers/STM32L4xx_HAL_Driver/Src/stm32l4xx_hal_cortex.o
                                      0x97d09 (size before relaxing)
 .debug_str     0x000000000009be7b      0x123 ./Drivers/STM32L4xx_HAL_Driver/Src/stm32l4xx_hal_gpio.o
                                      0x97780 (size before relaxing)
 .debug_str     0x000000000009bf9e      0x4c0 ./Drivers/STM32L4xx_HAL_Driver/Src/stm32l4xx_hal_pwr_ex.o
                                      0x97b28 (size before relaxing)
 .debug_str     0x000000000009c45e      0x396 ./Drivers/STM32L4xx_HAL_Driver/Src/stm32l4xx_hal_rcc.o
                                      0x97c18 (size before relaxing)
 .debug_str     0x000000000009c7f4      0x5b8 ./Drivers/STM32L4xx_HAL_Driver/Src/stm32l4xx_hal_spi.o
                                      0x97e2c (size before relaxing)
 .debug_str     0x000000000009cdac       0xb5 ./FATFS/App/fatfs.o
                                      0x9aa79 (size before relaxing)
 .debug_str     0x000000000009ce61      0x242 ./FATFS/Target/user_diskio.o
                                      0x9ab42 (size before relaxing)
 .debug_str     0x000000000009d0a3       0x52 ./Middlewares/Third_Party/FatFs/src/diskio.o
                                      0x9a975 (size before relaxing)
 .debug_str     0x000000000009d0f5     0x10da ./Middlewares/Third_Party/FatFs/src/ff.o
                                      0x9bc7c (size before relaxing)
 .debug_str     0x000000000009e1cf       0x91 ./Middlewares/Third_Party/FatFs/src/ff_gen_drv.o
                                      0x9a9c6 (size before relaxing)
 .debug_str     0x000000000009e260       0x49 ./Middlewares/Third_Party/FatFs/src/option/ccsbcs.o
                                      0x9a74a (size before relaxing)
 .debug_str     0x000000000009e2a9      0x109 ./User_Defined/sd.o
                                      0x97cfe (size before relaxing)

.comment        0x0000000000000000       0x50
 .comment       0x0000000000000000       0x50 ./Core/Src/main.o
                                         0x51 (size before relaxing)
 .comment       0x0000000000000050       0x51 ./Core/Src/stm32l4xx_hal_msp.o
 .comment       0x0000000000000050       0x51 ./Core/Src/stm32l4xx_it.o
 .comment       0x0000000000000050       0x51 ./Core/Src/system_stm32l4xx.o
 .comment       0x0000000000000050       0x51 ./Drivers/STM32L4xx_HAL_Driver/Src/stm32l4xx_hal.o
 .comment       0x0000000000000050       0x51 ./Drivers/STM32L4xx_HAL_Driver/Src/stm32l4xx_hal_cortex.o
 .comment       0x0000000000000050       0x51 ./Drivers/STM32L4xx_HAL_Driver/Src/stm32l4xx_hal_gpio.o
 .comment       0x0000000000000050       0x51 ./Drivers/STM32L4xx_HAL_Driver/Src/stm32l4xx_hal_pwr_ex.o
 .comment       0x0000000000000050       0x51 ./Drivers/STM32L4xx_HAL_Driver/Src/stm32l4xx_hal_rcc.o
 .comment       0x0000000000000050       0x51 ./Drivers/STM32L4xx_HAL_Driver/Src/stm32l4xx_hal_spi.o
 .comment       0x0000000000000050       0x51 ./FATFS/App/fatfs.o
 .comment       0x0000000000000050       0x51 ./FATFS/Target/user_diskio.o
 .comment       0x0000000000000050       0x51 ./Middlewares/Third_Party/FatFs/src/diskio.o
 .comment       0x0000000000000050       0x51 ./Middlewares/Third_Party/FatFs/src/ff.o
 .comment       0x0000000000000050       0x51 ./Middlewares/Third_Party/FatFs/src/ff_gen_drv.o
 .comment       0x0000000000000050       0x51 ./Middlewares/Third_Party/FatFs/src/option/ccsbcs.o
 .comment       0x0000000000000050       0x51 ./User_Defined/sd.o

.debug_frame    0x0000000000000000     0x2d14
 .debug_frame   0x0000000000000000       0xcc ./Core/Src/main.o
 .debug_frame   0x00000000000000cc       0x80 ./Core/Src/stm32l4xx_hal_msp.o
 .debug_frame   0x000000000000014c      0x124 ./Core/Src/stm32l4xx_it.o
 .debug_frame   0x0000000000000270       0x58 ./Core/Src/system_stm32l4xx.o
 .debug_frame   0x00000000000002c8      0x3dc ./Drivers/STM32L4xx_HAL_Driver/Src/stm32l4xx_hal.o
 .debug_frame   0x00000000000006a4      0x498 ./Drivers/STM32L4xx_HAL_Driver/Src/stm32l4xx_hal_cortex.o
 .debug_frame   0x0000000000000b3c      0x14c ./Drivers/STM32L4xx_HAL_Driver/Src/stm32l4xx_hal_gpio.o
 .debug_frame   0x0000000000000c88      0x524 ./Drivers/STM32L4xx_HAL_Driver/Src/stm32l4xx_hal_pwr_ex.o
 .debug_frame   0x00000000000011ac      0x21c ./Drivers/STM32L4xx_HAL_Driver/Src/stm32l4xx_hal_rcc.o
 .debug_frame   0x00000000000013c8      0x860 ./Drivers/STM32L4xx_HAL_Driver/Src/stm32l4xx_hal_spi.o
 .debug_frame   0x0000000000001c28       0x4c ./FATFS/App/fatfs.o
 .debug_frame   0x0000000000001c74       0xcc ./FATFS/Target/user_diskio.o
 .debug_frame   0x0000000000001d40       0xec ./Middlewares/Third_Party/FatFs/src/diskio.o
 .debug_frame   0x0000000000001e2c      0xa0c ./Middlewares/Third_Party/FatFs/src/ff.o
 .debug_frame   0x0000000000002838       0xc8 ./Middlewares/Third_Party/FatFs/src/ff_gen_drv.o
 .debug_frame   0x0000000000002900       0x60 ./Middlewares/Third_Party/FatFs/src/option/ccsbcs.o
 .debug_frame   0x0000000000002960      0x268 ./User_Defined/sd.o
 .debug_frame   0x0000000000002bc8       0x2c c:/st/stm32cubeide_1.11.2/stm32cubeide/plugins/com.st.stm32cube.ide.mcu.externaltools.gnu-tools-for-stm32.10.3-2021.10.win32_1.0.100.202210260954/tools/bin/../lib/gcc/arm-none-eabi/10.3.1/../../../../arm-none-eabi/lib/thumb/v7e-m+fp/hard\libc_nano.a(lib_a-init.o)
 .debug_frame   0x0000000000002bf4       0x20 c:/st/stm32cubeide_1.11.2/stm32cubeide/plugins/com.st.stm32cube.ide.mcu.externaltools.gnu-tools-for-stm32.10.3-2021.10.win32_1.0.100.202210260954/tools/bin/../lib/gcc/arm-none-eabi/10.3.1/../../../../arm-none-eabi/lib/thumb/v7e-m+fp/hard\libc_nano.a(lib_a-memset.o)
 .debug_frame   0x0000000000002c14       0x30 c:/st/stm32cubeide_1.11.2/stm32cubeide/plugins/com.st.stm32cube.ide.mcu.externaltools.gnu-tools-for-stm32.10.3-2021.10.win32_1.0.100.202210260954/tools/bin/../lib/gcc/arm-none-eabi/10.3.1/thumb/v7e-m+fp/hard\libgcc.a(_arm_muldf3.o)
 .debug_frame   0x0000000000002c44       0xac c:/st/stm32cubeide_1.11.2/stm32cubeide/plugins/com.st.stm32cube.ide.mcu.externaltools.gnu-tools-for-stm32.10.3-2021.10.win32_1.0.100.202210260954/tools/bin/../lib/gcc/arm-none-eabi/10.3.1/thumb/v7e-m+fp/hard\libgcc.a(_arm_addsubdf3.o)
 .debug_frame   0x0000000000002cf0       0x24 c:/st/stm32cubeide_1.11.2/stm32cubeide/plugins/com.st.stm32cube.ide.mcu.externaltools.gnu-tools-for-stm32.10.3-2021.10.win32_1.0.100.202210260954/tools/bin/../lib/gcc/arm-none-eabi/10.3.1/thumb/v7e-m+fp/hard\libgcc.a(_arm_fixunsdfsi.o)
